[*] 수지구 수집 중 (최근 5개월, lawd_cd=41465)...
  → 6개 동, 224개 단지
     성복동: 성복역롯데캐슬골드타운 18.32억 외 23단지
     풍덕천동: e편한세상수지 16.65억 외 37단지
     상현동: 광교경남아너스빌 15.5억 외 50단지
[*] 기흥구 수집 중 (최근 5개월, lawd_cd=41463)...
  → 15개 동, 215개 단지
     보정동: 용인보정대림(1차) 17.6억 외 19단지
     마북동: e편한세상구성역플랫폼시티 14.7억 외 23단지
     구갈동: 힐스테이트기흥 11.65억 외 24단지
[*] 동탄구 수집 중 (최근 5개월, lawd_cd=41597)...
  → 10개 동, 137개 단지
     여울동: 동탄역롯데캐슬 26.5억 외 19단지
     청계동: 더샵센트럴시티 21.6억 외 19단지
     송동: 동탄린스트라우스더레이크 15.45억 외 3단지
[*] 마포구 수집 중 (최근 5개월, lawd_cd=11440)...
  → 20개 동, 196개 단지
     현석동: 반도유보라아일랜드 30.5억 외 4단지
     서교동: 메세나폴리스 29.5억 외 9단지
     염리동: 마포프레스티지자이 28.0억 외 8단지
[*] 용산구 수집 중 (최근 5개월, lawd_cd=11170)...
  → 10개 동, 105개 단지
     한남동: 나인원한남 250.0억 외 17단지
     이촌동: 래미안첼리투스 54.45억 외 32단지
     한강로2가: 래미안용산더센트럴 51.5억 외 5단지
[*] 성동구 수집 중 (최근 5개월, lawd_cd=11200)...
  → 13개 동, 119개 단지
     성수동1가: 아크로서울포레스트 140.0억 외 18단지
     옥수동: 한남하이츠 45.3억 외 15단지
     성수동2가: 강변임광 34.0억 외 16단지
[*] 영통구 수집 중 (최근 5개월, lawd_cd=41117)...
  → 6개 동, 140개 단지
     이의동: 광교e편한세상 21.3억 외 19단지
     원천동: 광교중흥에스클래스 19.88억 외 13단지
     하동: 힐스테이트광교 17.5억 외 7단지
[*] 연수구(송도) 수집 중 (최근 5개월, lawd_cd=28185)...
  → 6개 동, 185개 단지
     송도동: 더샵송도센트럴파크Ⅲ 15.65억 외 87단지
     동춘동: 연수서해그랑블에듀파크 5.77억 외 32단지
     옥련동: 송도역서해그랑블더파크 5.58억 외 22단지
[+] sujiComplexes 업로드 완료: 1321개 단지 (수지구/기흥구/동탄구/마포구/용산구/성동구/영통구/연수구(송도))
