[*] 수지구 수집 중 (최근 5개월, lawd_cd=41465)...
[!] 요청 실패 (LAWD_CD=41465, DEAL_YMD=202603, 시도 1): 429 Client Error: Too Many Requests for url: https://apis.data.go.kr/1613000/RTMSDataSvcAptTrade/getRTMSDataSvcAptTrade?serviceKey=128f9c77ea952d1f7fc326471d91606bf7efd3a86d1fed876188bc7e4983e048&LAWD_CD=41465&DEAL_YMD=202603&pageNo=1&numOfRows=1000 - 2초 후 재시도
[!] 요청 실패 (LAWD_CD=41465, DEAL_YMD=202603, 시도 2): 429 Client Error: Too Many Requests for url: https://apis.data.go.kr/1613000/RTMSDataSvcAptTrade/getRTMSDataSvcAptTrade?serviceKey=128f9c77ea952d1f7fc326471d91606bf7efd3a86d1fed876188bc7e4983e048&LAWD_CD=41465&DEAL_YMD=202603&pageNo=1&numOfRows=1000 - 4초 후 재시도
[!] 요청 실패 (LAWD_CD=41465, DEAL_YMD=202603, 시도 3): 429 Client Error: Too Many Requests for url: https://apis.data.go.kr/1613000/RTMSDataSvcAptTrade/getRTMSDataSvcAptTrade?serviceKey=128f9c77ea952d1f7fc326471d91606bf7efd3a86d1fed876188bc7e4983e048&LAWD_CD=41465&DEAL_YMD=202603&pageNo=1&numOfRows=1000 - 6초 후 재시도
[!] 단지 조회 실패 (41465 202603): 429 Client Error: Too Many Requests for url: https://apis.data.go.kr/1613000/RTMSDataSvcAptTrade/getRTMSDataSvcAptTrade?serviceKey=128f9c77ea952d1f7fc326471d91606bf7efd3a86d1fed876188bc7e4983e048&LAWD_CD=41465&DEAL_YMD=202603&pageNo=1&numOfRows=1000
[!] 요청 실패 (LAWD_CD=41465, DEAL_YMD=202604, 시도 1): 429 Client Error: Too Many Requests for url: https://apis.data.go.kr/1613000/RTMSDataSvcAptTrade/getRTMSDataSvcAptTrade?serviceKey=128f9c77ea952d1f7fc326471d91606bf7efd3a86d1fed876188bc7e4983e048&LAWD_CD=41465&DEAL_YMD=202604&pageNo=1&numOfRows=1000 - 2초 후 재시도
[!] 요청 실패 (LAWD_CD=41465, DEAL_YMD=202604, 시도 2): 429 Client Error: Too Many Requests for url: https://apis.data.go.kr/1613000/RTMSDataSvcAptTrade/getRTMSDataSvcAptTrade?serviceKey=128f9c77ea952d1f7fc326471d91606bf7efd3a86d1fed876188bc7e4983e048&LAWD_CD=41465&DEAL_YMD=202604&pageNo=1&numOfRows=1000 - 4초 후 재시도
[!] 요청 실패 (LAWD_CD=41465, DEAL_YMD=202604, 시도 3): 429 Client Error: Too Many Requests for url: https://apis.data.go.kr/1613000/RTMSDataSvcAptTrade/getRTMSDataSvcAptTrade?serviceKey=128f9c77ea952d1f7fc326471d91606bf7efd3a86d1fed876188bc7e4983e048&LAWD_CD=41465&DEAL_YMD=202604&pageNo=1&numOfRows=1000 - 6초 후 재시도
[!] 단지 조회 실패 (41465 202604): 429 Client Error: Too Many Requests for url: https://apis.data.go.kr/1613000/RTMSDataSvcAptTrade/getRTMSDataSvcAptTrade?serviceKey=128f9c77ea952d1f7fc326471d91606bf7efd3a86d1fed876188bc7e4983e048&LAWD_CD=41465&DEAL_YMD=202604&pageNo=1&numOfRows=1000
[!] 요청 실패 (LAWD_CD=41465, DEAL_YMD=202605, 시도 1): 429 Client Error: Too Many Requests for url: https://apis.data.go.kr/1613000/RTMSDataSvcAptTrade/getRTMSDataSvcAptTrade?serviceKey=128f9c77ea952d1f7fc326471d91606bf7efd3a86d1fed876188bc7e4983e048&LAWD_CD=41465&DEAL_YMD=202605&pageNo=1&numOfRows=1000 - 2초 후 재시도
[!] 요청 실패 (LAWD_CD=41465, DEAL_YMD=202605, 시도 2): 429 Client Error: Too Many Requests for url: https://apis.data.go.kr/1613000/RTMSDataSvcAptTrade/getRTMSDataSvcAptTrade?serviceKey=128f9c77ea952d1f7fc326471d91606bf7efd3a86d1fed876188bc7e4983e048&LAWD_CD=41465&DEAL_YMD=202605&pageNo=1&numOfRows=1000 - 4초 후 재시도
[!] 요청 실패 (LAWD_CD=41465, DEAL_YMD=202605, 시도 3): 429 Client Error: Too Many Requests for url: https://apis.data.go.kr/1613000/RTMSDataSvcAptTrade/getRTMSDataSvcAptTrade?serviceKey=128f9c77ea952d1f7fc326471d91606bf7efd3a86d1fed876188bc7e4983e048&LAWD_CD=41465&DEAL_YMD=202605&pageNo=1&numOfRows=1000 - 6초 후 재시도
[!] 단지 조회 실패 (41465 202605): 429 Client Error: Too Many Requests for url: https://apis.data.go.kr/1613000/RTMSDataSvcAptTrade/getRTMSDataSvcAptTrade?serviceKey=128f9c77ea952d1f7fc326471d91606bf7efd3a86d1fed876188bc7e4983e048&LAWD_CD=41465&DEAL_YMD=202605&pageNo=1&numOfRows=1000
[!] 요청 실패 (LAWD_CD=41465, DEAL_YMD=202606, 시도 1): 429 Client Error: Too Many Requests for url: https://apis.data.go.kr/1613000/RTMSDataSvcAptTrade/getRTMSDataSvcAptTrade?serviceKey=128f9c77ea952d1f7fc326471d91606bf7efd3a86d1fed876188bc7e4983e048&LAWD_CD=41465&DEAL_YMD=202606&pageNo=1&numOfRows=1000 - 2초 후 재시도
[!] 요청 실패 (LAWD_CD=41465, DEAL_YMD=202606, 시도 2): 429 Client Error: Too Many Requests for url: https://apis.data.go.kr/1613000/RTMSDataSvcAptTrade/getRTMSDataSvcAptTrade?serviceKey=128f9c77ea952d1f7fc326471d91606bf7efd3a86d1fed876188bc7e4983e048&LAWD_CD=41465&DEAL_YMD=202606&pageNo=1&numOfRows=1000 - 4초 후 재시도
[!] 요청 실패 (LAWD_CD=41465, DEAL_YMD=202606, 시도 3): 429 Client Error: Too Many Requests for url: https://apis.data.go.kr/1613000/RTMSDataSvcAptTrade/getRTMSDataSvcAptTrade?serviceKey=128f9c77ea952d1f7fc326471d91606bf7efd3a86d1fed876188bc7e4983e048&LAWD_CD=41465&DEAL_YMD=202606&pageNo=1&numOfRows=1000 - 6초 후 재시도
[!] 단지 조회 실패 (41465 202606): 429 Client Error: Too Many Requests for url: https://apis.data.go.kr/1613000/RTMSDataSvcAptTrade/getRTMSDataSvcAptTrade?serviceKey=128f9c77ea952d1f7fc326471d91606bf7efd3a86d1fed876188bc7e4983e048&LAWD_CD=41465&DEAL_YMD=202606&pageNo=1&numOfRows=1000
[!] 요청 실패 (LAWD_CD=41465, DEAL_YMD=202607, 시도 1): 429 Client Error: Too Many Requests for url: https://apis.data.go.kr/1613000/RTMSDataSvcAptTrade/getRTMSDataSvcAptTrade?serviceKey=128f9c77ea952d1f7fc326471d91606bf7efd3a86d1fed876188bc7e4983e048&LAWD_CD=41465&DEAL_YMD=202607&pageNo=1&numOfRows=1000 - 2초 후 재시도
[!] 요청 실패 (LAWD_CD=41465, DEAL_YMD=202607, 시도 2): 429 Client Error: Too Many Requests for url: https://apis.data.go.kr/1613000/RTMSDataSvcAptTrade/getRTMSDataSvcAptTrade?serviceKey=128f9c77ea952d1f7fc326471d91606bf7efd3a86d1fed876188bc7e4983e048&LAWD_CD=41465&DEAL_YMD=202607&pageNo=1&numOfRows=1000 - 4초 후 재시도
[!] 요청 실패 (LAWD_CD=41465, DEAL_YMD=202607, 시도 3): 429 Client Error: Too Many Requests for url: https://apis.data.go.kr/1613000/RTMSDataSvcAptTrade/getRTMSDataSvcAptTrade?serviceKey=128f9c77ea952d1f7fc326471d91606bf7efd3a86d1fed876188bc7e4983e048&LAWD_CD=41465&DEAL_YMD=202607&pageNo=1&numOfRows=1000 - 6초 후 재시도
[!] 단지 조회 실패 (41465 202607): 429 Client Error: Too Many Requests for url: https://apis.data.go.kr/1613000/RTMSDataSvcAptTrade/getRTMSDataSvcAptTrade?serviceKey=128f9c77ea952d1f7fc326471d91606bf7efd3a86d1fed876188bc7e4983e048&LAWD_CD=41465&DEAL_YMD=202607&pageNo=1&numOfRows=1000
  → 0개 동, 0개 단지
[*] 기흥구 수집 중 (최근 5개월, lawd_cd=41463)...
[!] 요청 실패 (LAWD_CD=41463, DEAL_YMD=202603, 시도 1): 429 Client Error: Too Many Requests for url: https://apis.data.go.kr/1613000/RTMSDataSvcAptTrade/getRTMSDataSvcAptTrade?serviceKey=128f9c77ea952d1f7fc326471d91606bf7efd3a86d1fed876188bc7e4983e048&LAWD_CD=41463&DEAL_YMD=202603&pageNo=1&numOfRows=1000 - 2초 후 재시도
[!] 요청 실패 (LAWD_CD=41463, DEAL_YMD=202603, 시도 2): 429 Client Error: Too Many Requests for url: https://apis.data.go.kr/1613000/RTMSDataSvcAptTrade/getRTMSDataSvcAptTrade?serviceKey=128f9c77ea952d1f7fc326471d91606bf7efd3a86d1fed876188bc7e4983e048&LAWD_CD=41463&DEAL_YMD=202603&pageNo=1&numOfRows=1000 - 4초 후 재시도
[!] 요청 실패 (LAWD_CD=41463, DEAL_YMD=202603, 시도 3): 429 Client Error: Too Many Requests for url: https://apis.data.go.kr/1613000/RTMSDataSvcAptTrade/getRTMSDataSvcAptTrade?serviceKey=128f9c77ea952d1f7fc326471d91606bf7efd3a86d1fed876188bc7e4983e048&LAWD_CD=41463&DEAL_YMD=202603&pageNo=1&numOfRows=1000 - 6초 후 재시도
[!] 단지 조회 실패 (41463 202603): 429 Client Error: Too Many Requests for url: https://apis.data.go.kr/1613000/RTMSDataSvcAptTrade/getRTMSDataSvcAptTrade?serviceKey=128f9c77ea952d1f7fc326471d91606bf7efd3a86d1fed876188bc7e4983e048&LAWD_CD=41463&DEAL_YMD=202603&pageNo=1&numOfRows=1000
[!] 요청 실패 (LAWD_CD=41463, DEAL_YMD=202604, 시도 1): 429 Client Error: Too Many Requests for url: https://apis.data.go.kr/1613000/RTMSDataSvcAptTrade/getRTMSDataSvcAptTrade?serviceKey=128f9c77ea952d1f7fc326471d91606bf7efd3a86d1fed876188bc7e4983e048&LAWD_CD=41463&DEAL_YMD=202604&pageNo=1&numOfRows=1000 - 2초 후 재시도
[!] 요청 실패 (LAWD_CD=41463, DEAL_YMD=202604, 시도 2): 429 Client Error: Too Many Requests for url: https://apis.data.go.kr/1613000/RTMSDataSvcAptTrade/getRTMSDataSvcAptTrade?serviceKey=128f9c77ea952d1f7fc326471d91606bf7efd3a86d1fed876188bc7e4983e048&LAWD_CD=41463&DEAL_YMD=202604&pageNo=1&numOfRows=1000 - 4초 후 재시도
[!] 요청 실패 (LAWD_CD=41463, DEAL_YMD=202604, 시도 3): 429 Client Error: Too Many Requests for url: https://apis.data.go.kr/1613000/RTMSDataSvcAptTrade/getRTMSDataSvcAptTrade?serviceKey=128f9c77ea952d1f7fc326471d91606bf7efd3a86d1fed876188bc7e4983e048&LAWD_CD=41463&DEAL_YMD=202604&pageNo=1&numOfRows=1000 - 6초 후 재시도
[!] 단지 조회 실패 (41463 202604): 429 Client Error: Too Many Requests for url: https://apis.data.go.kr/1613000/RTMSDataSvcAptTrade/getRTMSDataSvcAptTrade?serviceKey=128f9c77ea952d1f7fc326471d91606bf7efd3a86d1fed876188bc7e4983e048&LAWD_CD=41463&DEAL_YMD=202604&pageNo=1&numOfRows=1000
[!] 요청 실패 (LAWD_CD=41463, DEAL_YMD=202605, 시도 1): 429 Client Error: Too Many Requests for url: https://apis.data.go.kr/1613000/RTMSDataSvcAptTrade/getRTMSDataSvcAptTrade?serviceKey=128f9c77ea952d1f7fc326471d91606bf7efd3a86d1fed876188bc7e4983e048&LAWD_CD=41463&DEAL_YMD=202605&pageNo=1&numOfRows=1000 - 2초 후 재시도
[!] 요청 실패 (LAWD_CD=41463, DEAL_YMD=202605, 시도 2): 429 Client Error: Too Many Requests for url: https://apis.data.go.kr/1613000/RTMSDataSvcAptTrade/getRTMSDataSvcAptTrade?serviceKey=128f9c77ea952d1f7fc326471d91606bf7efd3a86d1fed876188bc7e4983e048&LAWD_CD=41463&DEAL_YMD=202605&pageNo=1&numOfRows=1000 - 4초 후 재시도
[!] 요청 실패 (LAWD_CD=41463, DEAL_YMD=202605, 시도 3): 429 Client Error: Too Many Requests for url: https://apis.data.go.kr/1613000/RTMSDataSvcAptTrade/getRTMSDataSvcAptTrade?serviceKey=128f9c77ea952d1f7fc326471d91606bf7efd3a86d1fed876188bc7e4983e048&LAWD_CD=41463&DEAL_YMD=202605&pageNo=1&numOfRows=1000 - 6초 후 재시도
[!] 단지 조회 실패 (41463 202605): 429 Client Error: Too Many Requests for url: https://apis.data.go.kr/1613000/RTMSDataSvcAptTrade/getRTMSDataSvcAptTrade?serviceKey=128f9c77ea952d1f7fc326471d91606bf7efd3a86d1fed876188bc7e4983e048&LAWD_CD=41463&DEAL_YMD=202605&pageNo=1&numOfRows=1000
[!] 요청 실패 (LAWD_CD=41463, DEAL_YMD=202606, 시도 1): 429 Client Error: Too Many Requests for url: https://apis.data.go.kr/1613000/RTMSDataSvcAptTrade/getRTMSDataSvcAptTrade?serviceKey=128f9c77ea952d1f7fc326471d91606bf7efd3a86d1fed876188bc7e4983e048&LAWD_CD=41463&DEAL_YMD=202606&pageNo=1&numOfRows=1000 - 2초 후 재시도
[!] 요청 실패 (LAWD_CD=41463, DEAL_YMD=202606, 시도 2): 429 Client Error: Too Many Requests for url: https://apis.data.go.kr/1613000/RTMSDataSvcAptTrade/getRTMSDataSvcAptTrade?serviceKey=128f9c77ea952d1f7fc326471d91606bf7efd3a86d1fed876188bc7e4983e048&LAWD_CD=41463&DEAL_YMD=202606&pageNo=1&numOfRows=1000 - 4초 후 재시도
[!] 요청 실패 (LAWD_CD=41463, DEAL_YMD=202606, 시도 3): 429 Client Error: Too Many Requests for url: https://apis.data.go.kr/1613000/RTMSDataSvcAptTrade/getRTMSDataSvcAptTrade?serviceKey=128f9c77ea952d1f7fc326471d91606bf7efd3a86d1fed876188bc7e4983e048&LAWD_CD=41463&DEAL_YMD=202606&pageNo=1&numOfRows=1000 - 6초 후 재시도
[!] 단지 조회 실패 (41463 202606): 429 Client Error: Too Many Requests for url: https://apis.data.go.kr/1613000/RTMSDataSvcAptTrade/getRTMSDataSvcAptTrade?serviceKey=128f9c77ea952d1f7fc326471d91606bf7efd3a86d1fed876188bc7e4983e048&LAWD_CD=41463&DEAL_YMD=202606&pageNo=1&numOfRows=1000
[!] 요청 실패 (LAWD_CD=41463, DEAL_YMD=202607, 시도 1): 429 Client Error: Too Many Requests for url: https://apis.data.go.kr/1613000/RTMSDataSvcAptTrade/getRTMSDataSvcAptTrade?serviceKey=128f9c77ea952d1f7fc326471d91606bf7efd3a86d1fed876188bc7e4983e048&LAWD_CD=41463&DEAL_YMD=202607&pageNo=1&numOfRows=1000 - 2초 후 재시도
[!] 요청 실패 (LAWD_CD=41463, DEAL_YMD=202607, 시도 2): 429 Client Error: Too Many Requests for url: https://apis.data.go.kr/1613000/RTMSDataSvcAptTrade/getRTMSDataSvcAptTrade?serviceKey=128f9c77ea952d1f7fc326471d91606bf7efd3a86d1fed876188bc7e4983e048&LAWD_CD=41463&DEAL_YMD=202607&pageNo=1&numOfRows=1000 - 4초 후 재시도
[!] 요청 실패 (LAWD_CD=41463, DEAL_YMD=202607, 시도 3): 429 Client Error: Too Many Requests for url: https://apis.data.go.kr/1613000/RTMSDataSvcAptTrade/getRTMSDataSvcAptTrade?serviceKey=128f9c77ea952d1f7fc326471d91606bf7efd3a86d1fed876188bc7e4983e048&LAWD_CD=41463&DEAL_YMD=202607&pageNo=1&numOfRows=1000 - 6초 후 재시도
[!] 단지 조회 실패 (41463 202607): 429 Client Error: Too Many Requests for url: https://apis.data.go.kr/1613000/RTMSDataSvcAptTrade/getRTMSDataSvcAptTrade?serviceKey=128f9c77ea952d1f7fc326471d91606bf7efd3a86d1fed876188bc7e4983e048&LAWD_CD=41463&DEAL_YMD=202607&pageNo=1&numOfRows=1000
  → 0개 동, 0개 단지
[*] 동탄구 수집 중 (최근 5개월, lawd_cd=41597)...
[!] 요청 실패 (LAWD_CD=41597, DEAL_YMD=202603, 시도 1): 429 Client Error: Too Many Requests for url: https://apis.data.go.kr/1613000/RTMSDataSvcAptTrade/getRTMSDataSvcAptTrade?serviceKey=128f9c77ea952d1f7fc326471d91606bf7efd3a86d1fed876188bc7e4983e048&LAWD_CD=41597&DEAL_YMD=202603&pageNo=1&numOfRows=1000 - 2초 후 재시도
[!] 요청 실패 (LAWD_CD=41597, DEAL_YMD=202603, 시도 2): 429 Client Error: Too Many Requests for url: https://apis.data.go.kr/1613000/RTMSDataSvcAptTrade/getRTMSDataSvcAptTrade?serviceKey=128f9c77ea952d1f7fc326471d91606bf7efd3a86d1fed876188bc7e4983e048&LAWD_CD=41597&DEAL_YMD=202603&pageNo=1&numOfRows=1000 - 4초 후 재시도
[!] 요청 실패 (LAWD_CD=41597, DEAL_YMD=202603, 시도 3): 429 Client Error: Too Many Requests for url: https://apis.data.go.kr/1613000/RTMSDataSvcAptTrade/getRTMSDataSvcAptTrade?serviceKey=128f9c77ea952d1f7fc326471d91606bf7efd3a86d1fed876188bc7e4983e048&LAWD_CD=41597&DEAL_YMD=202603&pageNo=1&numOfRows=1000 - 6초 후 재시도
[!] 단지 조회 실패 (41597 202603): 429 Client Error: Too Many Requests for url: https://apis.data.go.kr/1613000/RTMSDataSvcAptTrade/getRTMSDataSvcAptTrade?serviceKey=128f9c77ea952d1f7fc326471d91606bf7efd3a86d1fed876188bc7e4983e048&LAWD_CD=41597&DEAL_YMD=202603&pageNo=1&numOfRows=1000
[!] 요청 실패 (LAWD_CD=41597, DEAL_YMD=202604, 시도 1): 429 Client Error: Too Many Requests for url: https://apis.data.go.kr/1613000/RTMSDataSvcAptTrade/getRTMSDataSvcAptTrade?serviceKey=128f9c77ea952d1f7fc326471d91606bf7efd3a86d1fed876188bc7e4983e048&LAWD_CD=41597&DEAL_YMD=202604&pageNo=1&numOfRows=1000 - 2초 후 재시도
[!] 요청 실패 (LAWD_CD=41597, DEAL_YMD=202604, 시도 2): 429 Client Error: Too Many Requests for url: https://apis.data.go.kr/1613000/RTMSDataSvcAptTrade/getRTMSDataSvcAptTrade?serviceKey=128f9c77ea952d1f7fc326471d91606bf7efd3a86d1fed876188bc7e4983e048&LAWD_CD=41597&DEAL_YMD=202604&pageNo=1&numOfRows=1000 - 4초 후 재시도
[!] 요청 실패 (LAWD_CD=41597, DEAL_YMD=202604, 시도 3): 429 Client Error: Too Many Requests for url: https://apis.data.go.kr/1613000/RTMSDataSvcAptTrade/getRTMSDataSvcAptTrade?serviceKey=128f9c77ea952d1f7fc326471d91606bf7efd3a86d1fed876188bc7e4983e048&LAWD_CD=41597&DEAL_YMD=202604&pageNo=1&numOfRows=1000 - 6초 후 재시도
[!] 단지 조회 실패 (41597 202604): 429 Client Error: Too Many Requests for url: https://apis.data.go.kr/1613000/RTMSDataSvcAptTrade/getRTMSDataSvcAptTrade?serviceKey=128f9c77ea952d1f7fc326471d91606bf7efd3a86d1fed876188bc7e4983e048&LAWD_CD=41597&DEAL_YMD=202604&pageNo=1&numOfRows=1000
[!] 요청 실패 (LAWD_CD=41597, DEAL_YMD=202605, 시도 1): 429 Client Error: Too Many Requests for url: https://apis.data.go.kr/1613000/RTMSDataSvcAptTrade/getRTMSDataSvcAptTrade?serviceKey=128f9c77ea952d1f7fc326471d91606bf7efd3a86d1fed876188bc7e4983e048&LAWD_CD=41597&DEAL_YMD=202605&pageNo=1&numOfRows=1000 - 2초 후 재시도
[!] 요청 실패 (LAWD_CD=41597, DEAL_YMD=202605, 시도 2): 429 Client Error: Too Many Requests for url: https://apis.data.go.kr/1613000/RTMSDataSvcAptTrade/getRTMSDataSvcAptTrade?serviceKey=128f9c77ea952d1f7fc326471d91606bf7efd3a86d1fed876188bc7e4983e048&LAWD_CD=41597&DEAL_YMD=202605&pageNo=1&numOfRows=1000 - 4초 후 재시도
[!] 요청 실패 (LAWD_CD=41597, DEAL_YMD=202605, 시도 3): 429 Client Error: Too Many Requests for url: https://apis.data.go.kr/1613000/RTMSDataSvcAptTrade/getRTMSDataSvcAptTrade?serviceKey=128f9c77ea952d1f7fc326471d91606bf7efd3a86d1fed876188bc7e4983e048&LAWD_CD=41597&DEAL_YMD=202605&pageNo=1&numOfRows=1000 - 6초 후 재시도
[!] 단지 조회 실패 (41597 202605): 429 Client Error: Too Many Requests for url: https://apis.data.go.kr/1613000/RTMSDataSvcAptTrade/getRTMSDataSvcAptTrade?serviceKey=128f9c77ea952d1f7fc326471d91606bf7efd3a86d1fed876188bc7e4983e048&LAWD_CD=41597&DEAL_YMD=202605&pageNo=1&numOfRows=1000
[!] 요청 실패 (LAWD_CD=41597, DEAL_YMD=202606, 시도 1): 429 Client Error: Too Many Requests for url: https://apis.data.go.kr/1613000/RTMSDataSvcAptTrade/getRTMSDataSvcAptTrade?serviceKey=128f9c77ea952d1f7fc326471d91606bf7efd3a86d1fed876188bc7e4983e048&LAWD_CD=41597&DEAL_YMD=202606&pageNo=1&numOfRows=1000 - 2초 후 재시도
[!] 요청 실패 (LAWD_CD=41597, DEAL_YMD=202606, 시도 2): 429 Client Error: Too Many Requests for url: https://apis.data.go.kr/1613000/RTMSDataSvcAptTrade/getRTMSDataSvcAptTrade?serviceKey=128f9c77ea952d1f7fc326471d91606bf7efd3a86d1fed876188bc7e4983e048&LAWD_CD=41597&DEAL_YMD=202606&pageNo=1&numOfRows=1000 - 4초 후 재시도
[!] 요청 실패 (LAWD_CD=41597, DEAL_YMD=202606, 시도 3): 429 Client Error: Too Many Requests for url: https://apis.data.go.kr/1613000/RTMSDataSvcAptTrade/getRTMSDataSvcAptTrade?serviceKey=128f9c77ea952d1f7fc326471d91606bf7efd3a86d1fed876188bc7e4983e048&LAWD_CD=41597&DEAL_YMD=202606&pageNo=1&numOfRows=1000 - 6초 후 재시도
[!] 단지 조회 실패 (41597 202606): 429 Client Error: Too Many Requests for url: https://apis.data.go.kr/1613000/RTMSDataSvcAptTrade/getRTMSDataSvcAptTrade?serviceKey=128f9c77ea952d1f7fc326471d91606bf7efd3a86d1fed876188bc7e4983e048&LAWD_CD=41597&DEAL_YMD=202606&pageNo=1&numOfRows=1000
[!] 요청 실패 (LAWD_CD=41597, DEAL_YMD=202607, 시도 1): 429 Client Error: Too Many Requests for url: https://apis.data.go.kr/1613000/RTMSDataSvcAptTrade/getRTMSDataSvcAptTrade?serviceKey=128f9c77ea952d1f7fc326471d91606bf7efd3a86d1fed876188bc7e4983e048&LAWD_CD=41597&DEAL_YMD=202607&pageNo=1&numOfRows=1000 - 2초 후 재시도
[!] 요청 실패 (LAWD_CD=41597, DEAL_YMD=202607, 시도 2): 429 Client Error: Too Many Requests for url: https://apis.data.go.kr/1613000/RTMSDataSvcAptTrade/getRTMSDataSvcAptTrade?serviceKey=128f9c77ea952d1f7fc326471d91606bf7efd3a86d1fed876188bc7e4983e048&LAWD_CD=41597&DEAL_YMD=202607&pageNo=1&numOfRows=1000 - 4초 후 재시도
[!] 요청 실패 (LAWD_CD=41597, DEAL_YMD=202607, 시도 3): 429 Client Error: Too Many Requests for url: https://apis.data.go.kr/1613000/RTMSDataSvcAptTrade/getRTMSDataSvcAptTrade?serviceKey=128f9c77ea952d1f7fc326471d91606bf7efd3a86d1fed876188bc7e4983e048&LAWD_CD=41597&DEAL_YMD=202607&pageNo=1&numOfRows=1000 - 6초 후 재시도
[!] 단지 조회 실패 (41597 202607): 429 Client Error: Too Many Requests for url: https://apis.data.go.kr/1613000/RTMSDataSvcAptTrade/getRTMSDataSvcAptTrade?serviceKey=128f9c77ea952d1f7fc326471d91606bf7efd3a86d1fed876188bc7e4983e048&LAWD_CD=41597&DEAL_YMD=202607&pageNo=1&numOfRows=1000
  → 0개 동, 0개 단지
[*] 마포구 수집 중 (최근 5개월, lawd_cd=11440)...
[!] 요청 실패 (LAWD_CD=11440, DEAL_YMD=202603, 시도 1): 429 Client Error: Too Many Requests for url: https://apis.data.go.kr/1613000/RTMSDataSvcAptTrade/getRTMSDataSvcAptTrade?serviceKey=128f9c77ea952d1f7fc326471d91606bf7efd3a86d1fed876188bc7e4983e048&LAWD_CD=11440&DEAL_YMD=202603&pageNo=1&numOfRows=1000 - 2초 후 재시도
[!] 요청 실패 (LAWD_CD=11440, DEAL_YMD=202603, 시도 2): 429 Client Error: Too Many Requests for url: https://apis.data.go.kr/1613000/RTMSDataSvcAptTrade/getRTMSDataSvcAptTrade?serviceKey=128f9c77ea952d1f7fc326471d91606bf7efd3a86d1fed876188bc7e4983e048&LAWD_CD=11440&DEAL_YMD=202603&pageNo=1&numOfRows=1000 - 4초 후 재시도
[!] 요청 실패 (LAWD_CD=11440, DEAL_YMD=202603, 시도 3): 429 Client Error: Too Many Requests for url: https://apis.data.go.kr/1613000/RTMSDataSvcAptTrade/getRTMSDataSvcAptTrade?serviceKey=128f9c77ea952d1f7fc326471d91606bf7efd3a86d1fed876188bc7e4983e048&LAWD_CD=11440&DEAL_YMD=202603&pageNo=1&numOfRows=1000 - 6초 후 재시도
[!] 단지 조회 실패 (11440 202603): 429 Client Error: Too Many Requests for url: https://apis.data.go.kr/1613000/RTMSDataSvcAptTrade/getRTMSDataSvcAptTrade?serviceKey=128f9c77ea952d1f7fc326471d91606bf7efd3a86d1fed876188bc7e4983e048&LAWD_CD=11440&DEAL_YMD=202603&pageNo=1&numOfRows=1000
[!] 요청 실패 (LAWD_CD=11440, DEAL_YMD=202604, 시도 1): 429 Client Error: Too Many Requests for url: https://apis.data.go.kr/1613000/RTMSDataSvcAptTrade/getRTMSDataSvcAptTrade?serviceKey=128f9c77ea952d1f7fc326471d91606bf7efd3a86d1fed876188bc7e4983e048&LAWD_CD=11440&DEAL_YMD=202604&pageNo=1&numOfRows=1000 - 2초 후 재시도
[!] 요청 실패 (LAWD_CD=11440, DEAL_YMD=202604, 시도 2): 429 Client Error: Too Many Requests for url: https://apis.data.go.kr/1613000/RTMSDataSvcAptTrade/getRTMSDataSvcAptTrade?serviceKey=128f9c77ea952d1f7fc326471d91606bf7efd3a86d1fed876188bc7e4983e048&LAWD_CD=11440&DEAL_YMD=202604&pageNo=1&numOfRows=1000 - 4초 후 재시도
[!] 요청 실패 (LAWD_CD=11440, DEAL_YMD=202604, 시도 3): 429 Client Error: Too Many Requests for url: https://apis.data.go.kr/1613000/RTMSDataSvcAptTrade/getRTMSDataSvcAptTrade?serviceKey=128f9c77ea952d1f7fc326471d91606bf7efd3a86d1fed876188bc7e4983e048&LAWD_CD=11440&DEAL_YMD=202604&pageNo=1&numOfRows=1000 - 6초 후 재시도
[!] 단지 조회 실패 (11440 202604): 429 Client Error: Too Many Requests for url: https://apis.data.go.kr/1613000/RTMSDataSvcAptTrade/getRTMSDataSvcAptTrade?serviceKey=128f9c77ea952d1f7fc326471d91606bf7efd3a86d1fed876188bc7e4983e048&LAWD_CD=11440&DEAL_YMD=202604&pageNo=1&numOfRows=1000
[!] 요청 실패 (LAWD_CD=11440, DEAL_YMD=202605, 시도 1): 429 Client Error: Too Many Requests for url: https://apis.data.go.kr/1613000/RTMSDataSvcAptTrade/getRTMSDataSvcAptTrade?serviceKey=128f9c77ea952d1f7fc326471d91606bf7efd3a86d1fed876188bc7e4983e048&LAWD_CD=11440&DEAL_YMD=202605&pageNo=1&numOfRows=1000 - 2초 후 재시도
[!] 요청 실패 (LAWD_CD=11440, DEAL_YMD=202605, 시도 2): 429 Client Error: Too Many Requests for url: https://apis.data.go.kr/1613000/RTMSDataSvcAptTrade/getRTMSDataSvcAptTrade?serviceKey=128f9c77ea952d1f7fc326471d91606bf7efd3a86d1fed876188bc7e4983e048&LAWD_CD=11440&DEAL_YMD=202605&pageNo=1&numOfRows=1000 - 4초 후 재시도
[!] 요청 실패 (LAWD_CD=11440, DEAL_YMD=202605, 시도 3): 429 Client Error: Too Many Requests for url: https://apis.data.go.kr/1613000/RTMSDataSvcAptTrade/getRTMSDataSvcAptTrade?serviceKey=128f9c77ea952d1f7fc326471d91606bf7efd3a86d1fed876188bc7e4983e048&LAWD_CD=11440&DEAL_YMD=202605&pageNo=1&numOfRows=1000 - 6초 후 재시도
[!] 단지 조회 실패 (11440 202605): 429 Client Error: Too Many Requests for url: https://apis.data.go.kr/1613000/RTMSDataSvcAptTrade/getRTMSDataSvcAptTrade?serviceKey=128f9c77ea952d1f7fc326471d91606bf7efd3a86d1fed876188bc7e4983e048&LAWD_CD=11440&DEAL_YMD=202605&pageNo=1&numOfRows=1000
[!] 요청 실패 (LAWD_CD=11440, DEAL_YMD=202606, 시도 1): 429 Client Error: Too Many Requests for url: https://apis.data.go.kr/1613000/RTMSDataSvcAptTrade/getRTMSDataSvcAptTrade?serviceKey=128f9c77ea952d1f7fc326471d91606bf7efd3a86d1fed876188bc7e4983e048&LAWD_CD=11440&DEAL_YMD=202606&pageNo=1&numOfRows=1000 - 2초 후 재시도
[!] 요청 실패 (LAWD_CD=11440, DEAL_YMD=202606, 시도 2): 429 Client Error: Too Many Requests for url: https://apis.data.go.kr/1613000/RTMSDataSvcAptTrade/getRTMSDataSvcAptTrade?serviceKey=128f9c77ea952d1f7fc326471d91606bf7efd3a86d1fed876188bc7e4983e048&LAWD_CD=11440&DEAL_YMD=202606&pageNo=1&numOfRows=1000 - 4초 후 재시도
[!] 요청 실패 (LAWD_CD=11440, DEAL_YMD=202606, 시도 3): 429 Client Error: Too Many Requests for url: https://apis.data.go.kr/1613000/RTMSDataSvcAptTrade/getRTMSDataSvcAptTrade?serviceKey=128f9c77ea952d1f7fc326471d91606bf7efd3a86d1fed876188bc7e4983e048&LAWD_CD=11440&DEAL_YMD=202606&pageNo=1&numOfRows=1000 - 6초 후 재시도
[!] 단지 조회 실패 (11440 202606): 429 Client Error: Too Many Requests for url: https://apis.data.go.kr/1613000/RTMSDataSvcAptTrade/getRTMSDataSvcAptTrade?serviceKey=128f9c77ea952d1f7fc326471d91606bf7efd3a86d1fed876188bc7e4983e048&LAWD_CD=11440&DEAL_YMD=202606&pageNo=1&numOfRows=1000
[!] 요청 실패 (LAWD_CD=11440, DEAL_YMD=202607, 시도 1): 429 Client Error: Too Many Requests for url: https://apis.data.go.kr/1613000/RTMSDataSvcAptTrade/getRTMSDataSvcAptTrade?serviceKey=128f9c77ea952d1f7fc326471d91606bf7efd3a86d1fed876188bc7e4983e048&LAWD_CD=11440&DEAL_YMD=202607&pageNo=1&numOfRows=1000 - 2초 후 재시도
[!] 요청 실패 (LAWD_CD=11440, DEAL_YMD=202607, 시도 2): 429 Client Error: Too Many Requests for url: https://apis.data.go.kr/1613000/RTMSDataSvcAptTrade/getRTMSDataSvcAptTrade?serviceKey=128f9c77ea952d1f7fc326471d91606bf7efd3a86d1fed876188bc7e4983e048&LAWD_CD=11440&DEAL_YMD=202607&pageNo=1&numOfRows=1000 - 4초 후 재시도
[!] 요청 실패 (LAWD_CD=11440, DEAL_YMD=202607, 시도 3): 429 Client Error: Too Many Requests for url: https://apis.data.go.kr/1613000/RTMSDataSvcAptTrade/getRTMSDataSvcAptTrade?serviceKey=128f9c77ea952d1f7fc326471d91606bf7efd3a86d1fed876188bc7e4983e048&LAWD_CD=11440&DEAL_YMD=202607&pageNo=1&numOfRows=1000 - 6초 후 재시도
[!] 단지 조회 실패 (11440 202607): 429 Client Error: Too Many Requests for url: https://apis.data.go.kr/1613000/RTMSDataSvcAptTrade/getRTMSDataSvcAptTrade?serviceKey=128f9c77ea952d1f7fc326471d91606bf7efd3a86d1fed876188bc7e4983e048&LAWD_CD=11440&DEAL_YMD=202607&pageNo=1&numOfRows=1000
  → 0개 동, 0개 단지
[*] 용산구 수집 중 (최근 5개월, lawd_cd=11170)...
[!] 요청 실패 (LAWD_CD=11170, DEAL_YMD=202603, 시도 1): 429 Client Error: Too Many Requests for url: https://apis.data.go.kr/1613000/RTMSDataSvcAptTrade/getRTMSDataSvcAptTrade?serviceKey=128f9c77ea952d1f7fc326471d91606bf7efd3a86d1fed876188bc7e4983e048&LAWD_CD=11170&DEAL_YMD=202603&pageNo=1&numOfRows=1000 - 2초 후 재시도
[!] 요청 실패 (LAWD_CD=11170, DEAL_YMD=202603, 시도 2): 429 Client Error: Too Many Requests for url: https://apis.data.go.kr/1613000/RTMSDataSvcAptTrade/getRTMSDataSvcAptTrade?serviceKey=128f9c77ea952d1f7fc326471d91606bf7efd3a86d1fed876188bc7e4983e048&LAWD_CD=11170&DEAL_YMD=202603&pageNo=1&numOfRows=1000 - 4초 후 재시도
[!] 요청 실패 (LAWD_CD=11170, DEAL_YMD=202603, 시도 3): 429 Client Error: Too Many Requests for url: https://apis.data.go.kr/1613000/RTMSDataSvcAptTrade/getRTMSDataSvcAptTrade?serviceKey=128f9c77ea952d1f7fc326471d91606bf7efd3a86d1fed876188bc7e4983e048&LAWD_CD=11170&DEAL_YMD=202603&pageNo=1&numOfRows=1000 - 6초 후 재시도
[!] 단지 조회 실패 (11170 202603): 429 Client Error: Too Many Requests for url: https://apis.data.go.kr/1613000/RTMSDataSvcAptTrade/getRTMSDataSvcAptTrade?serviceKey=128f9c77ea952d1f7fc326471d91606bf7efd3a86d1fed876188bc7e4983e048&LAWD_CD=11170&DEAL_YMD=202603&pageNo=1&numOfRows=1000
[!] 요청 실패 (LAWD_CD=11170, DEAL_YMD=202604, 시도 1): 429 Client Error: Too Many Requests for url: https://apis.data.go.kr/1613000/RTMSDataSvcAptTrade/getRTMSDataSvcAptTrade?serviceKey=128f9c77ea952d1f7fc326471d91606bf7efd3a86d1fed876188bc7e4983e048&LAWD_CD=11170&DEAL_YMD=202604&pageNo=1&numOfRows=1000 - 2초 후 재시도
[!] 요청 실패 (LAWD_CD=11170, DEAL_YMD=202604, 시도 2): 429 Client Error: Too Many Requests for url: https://apis.data.go.kr/1613000/RTMSDataSvcAptTrade/getRTMSDataSvcAptTrade?serviceKey=128f9c77ea952d1f7fc326471d91606bf7efd3a86d1fed876188bc7e4983e048&LAWD_CD=11170&DEAL_YMD=202604&pageNo=1&numOfRows=1000 - 4초 후 재시도
[!] 요청 실패 (LAWD_CD=11170, DEAL_YMD=202604, 시도 3): 429 Client Error: Too Many Requests for url: https://apis.data.go.kr/1613000/RTMSDataSvcAptTrade/getRTMSDataSvcAptTrade?serviceKey=128f9c77ea952d1f7fc326471d91606bf7efd3a86d1fed876188bc7e4983e048&LAWD_CD=11170&DEAL_YMD=202604&pageNo=1&numOfRows=1000 - 6초 후 재시도
[!] 단지 조회 실패 (11170 202604): 429 Client Error: Too Many Requests for url: https://apis.data.go.kr/1613000/RTMSDataSvcAptTrade/getRTMSDataSvcAptTrade?serviceKey=128f9c77ea952d1f7fc326471d91606bf7efd3a86d1fed876188bc7e4983e048&LAWD_CD=11170&DEAL_YMD=202604&pageNo=1&numOfRows=1000
[!] 요청 실패 (LAWD_CD=11170, DEAL_YMD=202605, 시도 1): 429 Client Error: Too Many Requests for url: https://apis.data.go.kr/1613000/RTMSDataSvcAptTrade/getRTMSDataSvcAptTrade?serviceKey=128f9c77ea952d1f7fc326471d91606bf7efd3a86d1fed876188bc7e4983e048&LAWD_CD=11170&DEAL_YMD=202605&pageNo=1&numOfRows=1000 - 2초 후 재시도
[!] 요청 실패 (LAWD_CD=11170, DEAL_YMD=202605, 시도 2): 429 Client Error: Too Many Requests for url: https://apis.data.go.kr/1613000/RTMSDataSvcAptTrade/getRTMSDataSvcAptTrade?serviceKey=128f9c77ea952d1f7fc326471d91606bf7efd3a86d1fed876188bc7e4983e048&LAWD_CD=11170&DEAL_YMD=202605&pageNo=1&numOfRows=1000 - 4초 후 재시도
[!] 요청 실패 (LAWD_CD=11170, DEAL_YMD=202605, 시도 3): 429 Client Error: Too Many Requests for url: https://apis.data.go.kr/1613000/RTMSDataSvcAptTrade/getRTMSDataSvcAptTrade?serviceKey=128f9c77ea952d1f7fc326471d91606bf7efd3a86d1fed876188bc7e4983e048&LAWD_CD=11170&DEAL_YMD=202605&pageNo=1&numOfRows=1000 - 6초 후 재시도
[!] 단지 조회 실패 (11170 202605): 429 Client Error: Too Many Requests for url: https://apis.data.go.kr/1613000/RTMSDataSvcAptTrade/getRTMSDataSvcAptTrade?serviceKey=128f9c77ea952d1f7fc326471d91606bf7efd3a86d1fed876188bc7e4983e048&LAWD_CD=11170&DEAL_YMD=202605&pageNo=1&numOfRows=1000
[!] 요청 실패 (LAWD_CD=11170, DEAL_YMD=202606, 시도 1): 429 Client Error: Too Many Requests for url: https://apis.data.go.kr/1613000/RTMSDataSvcAptTrade/getRTMSDataSvcAptTrade?serviceKey=128f9c77ea952d1f7fc326471d91606bf7efd3a86d1fed876188bc7e4983e048&LAWD_CD=11170&DEAL_YMD=202606&pageNo=1&numOfRows=1000 - 2초 후 재시도
[!] 요청 실패 (LAWD_CD=11170, DEAL_YMD=202606, 시도 2): 429 Client Error: Too Many Requests for url: https://apis.data.go.kr/1613000/RTMSDataSvcAptTrade/getRTMSDataSvcAptTrade?serviceKey=128f9c77ea952d1f7fc326471d91606bf7efd3a86d1fed876188bc7e4983e048&LAWD_CD=11170&DEAL_YMD=202606&pageNo=1&numOfRows=1000 - 4초 후 재시도
[!] 요청 실패 (LAWD_CD=11170, DEAL_YMD=202606, 시도 3): 429 Client Error: Too Many Requests for url: https://apis.data.go.kr/1613000/RTMSDataSvcAptTrade/getRTMSDataSvcAptTrade?serviceKey=128f9c77ea952d1f7fc326471d91606bf7efd3a86d1fed876188bc7e4983e048&LAWD_CD=11170&DEAL_YMD=202606&pageNo=1&numOfRows=1000 - 6초 후 재시도
[!] 단지 조회 실패 (11170 202606): 429 Client Error: Too Many Requests for url: https://apis.data.go.kr/1613000/RTMSDataSvcAptTrade/getRTMSDataSvcAptTrade?serviceKey=128f9c77ea952d1f7fc326471d91606bf7efd3a86d1fed876188bc7e4983e048&LAWD_CD=11170&DEAL_YMD=202606&pageNo=1&numOfRows=1000
[!] 요청 실패 (LAWD_CD=11170, DEAL_YMD=202607, 시도 1): 429 Client Error: Too Many Requests for url: https://apis.data.go.kr/1613000/RTMSDataSvcAptTrade/getRTMSDataSvcAptTrade?serviceKey=128f9c77ea952d1f7fc326471d91606bf7efd3a86d1fed876188bc7e4983e048&LAWD_CD=11170&DEAL_YMD=202607&pageNo=1&numOfRows=1000 - 2초 후 재시도
[!] 요청 실패 (LAWD_CD=11170, DEAL_YMD=202607, 시도 2): 429 Client Error: Too Many Requests for url: https://apis.data.go.kr/1613000/RTMSDataSvcAptTrade/getRTMSDataSvcAptTrade?serviceKey=128f9c77ea952d1f7fc326471d91606bf7efd3a86d1fed876188bc7e4983e048&LAWD_CD=11170&DEAL_YMD=202607&pageNo=1&numOfRows=1000 - 4초 후 재시도
[!] 요청 실패 (LAWD_CD=11170, DEAL_YMD=202607, 시도 3): 429 Client Error: Too Many Requests for url: https://apis.data.go.kr/1613000/RTMSDataSvcAptTrade/getRTMSDataSvcAptTrade?serviceKey=128f9c77ea952d1f7fc326471d91606bf7efd3a86d1fed876188bc7e4983e048&LAWD_CD=11170&DEAL_YMD=202607&pageNo=1&numOfRows=1000 - 6초 후 재시도
[!] 단지 조회 실패 (11170 202607): 429 Client Error: Too Many Requests for url: https://apis.data.go.kr/1613000/RTMSDataSvcAptTrade/getRTMSDataSvcAptTrade?serviceKey=128f9c77ea952d1f7fc326471d91606bf7efd3a86d1fed876188bc7e4983e048&LAWD_CD=11170&DEAL_YMD=202607&pageNo=1&numOfRows=1000
  → 0개 동, 0개 단지
[*] 성동구 수집 중 (최근 5개월, lawd_cd=11200)...
[!] 요청 실패 (LAWD_CD=11200, DEAL_YMD=202603, 시도 1): 429 Client Error: Too Many Requests for url: https://apis.data.go.kr/1613000/RTMSDataSvcAptTrade/getRTMSDataSvcAptTrade?serviceKey=128f9c77ea952d1f7fc326471d91606bf7efd3a86d1fed876188bc7e4983e048&LAWD_CD=11200&DEAL_YMD=202603&pageNo=1&numOfRows=1000 - 2초 후 재시도
[!] 요청 실패 (LAWD_CD=11200, DEAL_YMD=202603, 시도 2): 429 Client Error: Too Many Requests for url: https://apis.data.go.kr/1613000/RTMSDataSvcAptTrade/getRTMSDataSvcAptTrade?serviceKey=128f9c77ea952d1f7fc326471d91606bf7efd3a86d1fed876188bc7e4983e048&LAWD_CD=11200&DEAL_YMD=202603&pageNo=1&numOfRows=1000 - 4초 후 재시도
[!] 요청 실패 (LAWD_CD=11200, DEAL_YMD=202603, 시도 3): 429 Client Error: Too Many Requests for url: https://apis.data.go.kr/1613000/RTMSDataSvcAptTrade/getRTMSDataSvcAptTrade?serviceKey=128f9c77ea952d1f7fc326471d91606bf7efd3a86d1fed876188bc7e4983e048&LAWD_CD=11200&DEAL_YMD=202603&pageNo=1&numOfRows=1000 - 6초 후 재시도
[!] 단지 조회 실패 (11200 202603): 429 Client Error: Too Many Requests for url: https://apis.data.go.kr/1613000/RTMSDataSvcAptTrade/getRTMSDataSvcAptTrade?serviceKey=128f9c77ea952d1f7fc326471d91606bf7efd3a86d1fed876188bc7e4983e048&LAWD_CD=11200&DEAL_YMD=202603&pageNo=1&numOfRows=1000
[!] 요청 실패 (LAWD_CD=11200, DEAL_YMD=202604, 시도 1): 429 Client Error: Too Many Requests for url: https://apis.data.go.kr/1613000/RTMSDataSvcAptTrade/getRTMSDataSvcAptTrade?serviceKey=128f9c77ea952d1f7fc326471d91606bf7efd3a86d1fed876188bc7e4983e048&LAWD_CD=11200&DEAL_YMD=202604&pageNo=1&numOfRows=1000 - 2초 후 재시도
[!] 요청 실패 (LAWD_CD=11200, DEAL_YMD=202604, 시도 2): 429 Client Error: Too Many Requests for url: https://apis.data.go.kr/1613000/RTMSDataSvcAptTrade/getRTMSDataSvcAptTrade?serviceKey=128f9c77ea952d1f7fc326471d91606bf7efd3a86d1fed876188bc7e4983e048&LAWD_CD=11200&DEAL_YMD=202604&pageNo=1&numOfRows=1000 - 4초 후 재시도
[!] 요청 실패 (LAWD_CD=11200, DEAL_YMD=202604, 시도 3): 429 Client Error: Too Many Requests for url: https://apis.data.go.kr/1613000/RTMSDataSvcAptTrade/getRTMSDataSvcAptTrade?serviceKey=128f9c77ea952d1f7fc326471d91606bf7efd3a86d1fed876188bc7e4983e048&LAWD_CD=11200&DEAL_YMD=202604&pageNo=1&numOfRows=1000 - 6초 후 재시도
[!] 단지 조회 실패 (11200 202604): 429 Client Error: Too Many Requests for url: https://apis.data.go.kr/1613000/RTMSDataSvcAptTrade/getRTMSDataSvcAptTrade?serviceKey=128f9c77ea952d1f7fc326471d91606bf7efd3a86d1fed876188bc7e4983e048&LAWD_CD=11200&DEAL_YMD=202604&pageNo=1&numOfRows=1000
[!] 요청 실패 (LAWD_CD=11200, DEAL_YMD=202605, 시도 1): 429 Client Error: Too Many Requests for url: https://apis.data.go.kr/1613000/RTMSDataSvcAptTrade/getRTMSDataSvcAptTrade?serviceKey=128f9c77ea952d1f7fc326471d91606bf7efd3a86d1fed876188bc7e4983e048&LAWD_CD=11200&DEAL_YMD=202605&pageNo=1&numOfRows=1000 - 2초 후 재시도
[!] 요청 실패 (LAWD_CD=11200, DEAL_YMD=202605, 시도 2): 429 Client Error: Too Many Requests for url: https://apis.data.go.kr/1613000/RTMSDataSvcAptTrade/getRTMSDataSvcAptTrade?serviceKey=128f9c77ea952d1f7fc326471d91606bf7efd3a86d1fed876188bc7e4983e048&LAWD_CD=11200&DEAL_YMD=202605&pageNo=1&numOfRows=1000 - 4초 후 재시도
[!] 요청 실패 (LAWD_CD=11200, DEAL_YMD=202605, 시도 3): 429 Client Error: Too Many Requests for url: https://apis.data.go.kr/1613000/RTMSDataSvcAptTrade/getRTMSDataSvcAptTrade?serviceKey=128f9c77ea952d1f7fc326471d91606bf7efd3a86d1fed876188bc7e4983e048&LAWD_CD=11200&DEAL_YMD=202605&pageNo=1&numOfRows=1000 - 6초 후 재시도
[!] 단지 조회 실패 (11200 202605): 429 Client Error: Too Many Requests for url: https://apis.data.go.kr/1613000/RTMSDataSvcAptTrade/getRTMSDataSvcAptTrade?serviceKey=128f9c77ea952d1f7fc326471d91606bf7efd3a86d1fed876188bc7e4983e048&LAWD_CD=11200&DEAL_YMD=202605&pageNo=1&numOfRows=1000
[!] 요청 실패 (LAWD_CD=11200, DEAL_YMD=202606, 시도 1): 429 Client Error: Too Many Requests for url: https://apis.data.go.kr/1613000/RTMSDataSvcAptTrade/getRTMSDataSvcAptTrade?serviceKey=128f9c77ea952d1f7fc326471d91606bf7efd3a86d1fed876188bc7e4983e048&LAWD_CD=11200&DEAL_YMD=202606&pageNo=1&numOfRows=1000 - 2초 후 재시도
[!] 요청 실패 (LAWD_CD=11200, DEAL_YMD=202606, 시도 2): 429 Client Error: Too Many Requests for url: https://apis.data.go.kr/1613000/RTMSDataSvcAptTrade/getRTMSDataSvcAptTrade?serviceKey=128f9c77ea952d1f7fc326471d91606bf7efd3a86d1fed876188bc7e4983e048&LAWD_CD=11200&DEAL_YMD=202606&pageNo=1&numOfRows=1000 - 4초 후 재시도
[!] 요청 실패 (LAWD_CD=11200, DEAL_YMD=202606, 시도 3): 429 Client Error: Too Many Requests for url: https://apis.data.go.kr/1613000/RTMSDataSvcAptTrade/getRTMSDataSvcAptTrade?serviceKey=128f9c77ea952d1f7fc326471d91606bf7efd3a86d1fed876188bc7e4983e048&LAWD_CD=11200&DEAL_YMD=202606&pageNo=1&numOfRows=1000 - 6초 후 재시도
[!] 단지 조회 실패 (11200 202606): 429 Client Error: Too Many Requests for url: https://apis.data.go.kr/1613000/RTMSDataSvcAptTrade/getRTMSDataSvcAptTrade?serviceKey=128f9c77ea952d1f7fc326471d91606bf7efd3a86d1fed876188bc7e4983e048&LAWD_CD=11200&DEAL_YMD=202606&pageNo=1&numOfRows=1000
[!] 요청 실패 (LAWD_CD=11200, DEAL_YMD=202607, 시도 1): 429 Client Error: Too Many Requests for url: https://apis.data.go.kr/1613000/RTMSDataSvcAptTrade/getRTMSDataSvcAptTrade?serviceKey=128f9c77ea952d1f7fc326471d91606bf7efd3a86d1fed876188bc7e4983e048&LAWD_CD=11200&DEAL_YMD=202607&pageNo=1&numOfRows=1000 - 2초 후 재시도
[!] 요청 실패 (LAWD_CD=11200, DEAL_YMD=202607, 시도 2): 429 Client Error: Too Many Requests for url: https://apis.data.go.kr/1613000/RTMSDataSvcAptTrade/getRTMSDataSvcAptTrade?serviceKey=128f9c77ea952d1f7fc326471d91606bf7efd3a86d1fed876188bc7e4983e048&LAWD_CD=11200&DEAL_YMD=202607&pageNo=1&numOfRows=1000 - 4초 후 재시도
[!] 요청 실패 (LAWD_CD=11200, DEAL_YMD=202607, 시도 3): 429 Client Error: Too Many Requests for url: https://apis.data.go.kr/1613000/RTMSDataSvcAptTrade/getRTMSDataSvcAptTrade?serviceKey=128f9c77ea952d1f7fc326471d91606bf7efd3a86d1fed876188bc7e4983e048&LAWD_CD=11200&DEAL_YMD=202607&pageNo=1&numOfRows=1000 - 6초 후 재시도
[!] 단지 조회 실패 (11200 202607): 429 Client Error: Too Many Requests for url: https://apis.data.go.kr/1613000/RTMSDataSvcAptTrade/getRTMSDataSvcAptTrade?serviceKey=128f9c77ea952d1f7fc326471d91606bf7efd3a86d1fed876188bc7e4983e048&LAWD_CD=11200&DEAL_YMD=202607&pageNo=1&numOfRows=1000
  → 0개 동, 0개 단지
[*] 영통구 수집 중 (최근 5개월, lawd_cd=41117)...
[!] 요청 실패 (LAWD_CD=41117, DEAL_YMD=202603, 시도 1): 429 Client Error: Too Many Requests for url: https://apis.data.go.kr/1613000/RTMSDataSvcAptTrade/getRTMSDataSvcAptTrade?serviceKey=128f9c77ea952d1f7fc326471d91606bf7efd3a86d1fed876188bc7e4983e048&LAWD_CD=41117&DEAL_YMD=202603&pageNo=1&numOfRows=1000 - 2초 후 재시도
[!] 요청 실패 (LAWD_CD=41117, DEAL_YMD=202603, 시도 2): 429 Client Error: Too Many Requests for url: https://apis.data.go.kr/1613000/RTMSDataSvcAptTrade/getRTMSDataSvcAptTrade?serviceKey=128f9c77ea952d1f7fc326471d91606bf7efd3a86d1fed876188bc7e4983e048&LAWD_CD=41117&DEAL_YMD=202603&pageNo=1&numOfRows=1000 - 4초 후 재시도
[!] 요청 실패 (LAWD_CD=41117, DEAL_YMD=202603, 시도 3): 429 Client Error: Too Many Requests for url: https://apis.data.go.kr/1613000/RTMSDataSvcAptTrade/getRTMSDataSvcAptTrade?serviceKey=128f9c77ea952d1f7fc326471d91606bf7efd3a86d1fed876188bc7e4983e048&LAWD_CD=41117&DEAL_YMD=202603&pageNo=1&numOfRows=1000 - 6초 후 재시도
[!] 단지 조회 실패 (41117 202603): 429 Client Error: Too Many Requests for url: https://apis.data.go.kr/1613000/RTMSDataSvcAptTrade/getRTMSDataSvcAptTrade?serviceKey=128f9c77ea952d1f7fc326471d91606bf7efd3a86d1fed876188bc7e4983e048&LAWD_CD=41117&DEAL_YMD=202603&pageNo=1&numOfRows=1000
[!] 요청 실패 (LAWD_CD=41117, DEAL_YMD=202604, 시도 1): 429 Client Error: Too Many Requests for url: https://apis.data.go.kr/1613000/RTMSDataSvcAptTrade/getRTMSDataSvcAptTrade?serviceKey=128f9c77ea952d1f7fc326471d91606bf7efd3a86d1fed876188bc7e4983e048&LAWD_CD=41117&DEAL_YMD=202604&pageNo=1&numOfRows=1000 - 2초 후 재시도
[!] 요청 실패 (LAWD_CD=41117, DEAL_YMD=202604, 시도 2): 429 Client Error: Too Many Requests for url: https://apis.data.go.kr/1613000/RTMSDataSvcAptTrade/getRTMSDataSvcAptTrade?serviceKey=128f9c77ea952d1f7fc326471d91606bf7efd3a86d1fed876188bc7e4983e048&LAWD_CD=41117&DEAL_YMD=202604&pageNo=1&numOfRows=1000 - 4초 후 재시도
[!] 요청 실패 (LAWD_CD=41117, DEAL_YMD=202604, 시도 3): 429 Client Error: Too Many Requests for url: https://apis.data.go.kr/1613000/RTMSDataSvcAptTrade/getRTMSDataSvcAptTrade?serviceKey=128f9c77ea952d1f7fc326471d91606bf7efd3a86d1fed876188bc7e4983e048&LAWD_CD=41117&DEAL_YMD=202604&pageNo=1&numOfRows=1000 - 6초 후 재시도
[!] 단지 조회 실패 (41117 202604): 429 Client Error: Too Many Requests for url: https://apis.data.go.kr/1613000/RTMSDataSvcAptTrade/getRTMSDataSvcAptTrade?serviceKey=128f9c77ea952d1f7fc326471d91606bf7efd3a86d1fed876188bc7e4983e048&LAWD_CD=41117&DEAL_YMD=202604&pageNo=1&numOfRows=1000
[!] 요청 실패 (LAWD_CD=41117, DEAL_YMD=202605, 시도 1): 429 Client Error: Too Many Requests for url: https://apis.data.go.kr/1613000/RTMSDataSvcAptTrade/getRTMSDataSvcAptTrade?serviceKey=128f9c77ea952d1f7fc326471d91606bf7efd3a86d1fed876188bc7e4983e048&LAWD_CD=41117&DEAL_YMD=202605&pageNo=1&numOfRows=1000 - 2초 후 재시도
[!] 요청 실패 (LAWD_CD=41117, DEAL_YMD=202605, 시도 2): 429 Client Error: Too Many Requests for url: https://apis.data.go.kr/1613000/RTMSDataSvcAptTrade/getRTMSDataSvcAptTrade?serviceKey=128f9c77ea952d1f7fc326471d91606bf7efd3a86d1fed876188bc7e4983e048&LAWD_CD=41117&DEAL_YMD=202605&pageNo=1&numOfRows=1000 - 4초 후 재시도
[!] 요청 실패 (LAWD_CD=41117, DEAL_YMD=202605, 시도 3): 429 Client Error: Too Many Requests for url: https://apis.data.go.kr/1613000/RTMSDataSvcAptTrade/getRTMSDataSvcAptTrade?serviceKey=128f9c77ea952d1f7fc326471d91606bf7efd3a86d1fed876188bc7e4983e048&LAWD_CD=41117&DEAL_YMD=202605&pageNo=1&numOfRows=1000 - 6초 후 재시도
[!] 단지 조회 실패 (41117 202605): 429 Client Error: Too Many Requests for url: https://apis.data.go.kr/1613000/RTMSDataSvcAptTrade/getRTMSDataSvcAptTrade?serviceKey=128f9c77ea952d1f7fc326471d91606bf7efd3a86d1fed876188bc7e4983e048&LAWD_CD=41117&DEAL_YMD=202605&pageNo=1&numOfRows=1000
[!] 요청 실패 (LAWD_CD=41117, DEAL_YMD=202606, 시도 1): 429 Client Error: Too Many Requests for url: https://apis.data.go.kr/1613000/RTMSDataSvcAptTrade/getRTMSDataSvcAptTrade?serviceKey=128f9c77ea952d1f7fc326471d91606bf7efd3a86d1fed876188bc7e4983e048&LAWD_CD=41117&DEAL_YMD=202606&pageNo=1&numOfRows=1000 - 2초 후 재시도
[!] 요청 실패 (LAWD_CD=41117, DEAL_YMD=202606, 시도 2): 429 Client Error: Too Many Requests for url: https://apis.data.go.kr/1613000/RTMSDataSvcAptTrade/getRTMSDataSvcAptTrade?serviceKey=128f9c77ea952d1f7fc326471d91606bf7efd3a86d1fed876188bc7e4983e048&LAWD_CD=41117&DEAL_YMD=202606&pageNo=1&numOfRows=1000 - 4초 후 재시도
[!] 요청 실패 (LAWD_CD=41117, DEAL_YMD=202606, 시도 3): 429 Client Error: Too Many Requests for url: https://apis.data.go.kr/1613000/RTMSDataSvcAptTrade/getRTMSDataSvcAptTrade?serviceKey=128f9c77ea952d1f7fc326471d91606bf7efd3a86d1fed876188bc7e4983e048&LAWD_CD=41117&DEAL_YMD=202606&pageNo=1&numOfRows=1000 - 6초 후 재시도
[!] 단지 조회 실패 (41117 202606): 429 Client Error: Too Many Requests for url: https://apis.data.go.kr/1613000/RTMSDataSvcAptTrade/getRTMSDataSvcAptTrade?serviceKey=128f9c77ea952d1f7fc326471d91606bf7efd3a86d1fed876188bc7e4983e048&LAWD_CD=41117&DEAL_YMD=202606&pageNo=1&numOfRows=1000
[!] 요청 실패 (LAWD_CD=41117, DEAL_YMD=202607, 시도 1): 429 Client Error: Too Many Requests for url: https://apis.data.go.kr/1613000/RTMSDataSvcAptTrade/getRTMSDataSvcAptTrade?serviceKey=128f9c77ea952d1f7fc326471d91606bf7efd3a86d1fed876188bc7e4983e048&LAWD_CD=41117&DEAL_YMD=202607&pageNo=1&numOfRows=1000 - 2초 후 재시도
[!] 요청 실패 (LAWD_CD=41117, DEAL_YMD=202607, 시도 2): 429 Client Error: Too Many Requests for url: https://apis.data.go.kr/1613000/RTMSDataSvcAptTrade/getRTMSDataSvcAptTrade?serviceKey=128f9c77ea952d1f7fc326471d91606bf7efd3a86d1fed876188bc7e4983e048&LAWD_CD=41117&DEAL_YMD=202607&pageNo=1&numOfRows=1000 - 4초 후 재시도
[!] 요청 실패 (LAWD_CD=41117, DEAL_YMD=202607, 시도 3): 429 Client Error: Too Many Requests for url: https://apis.data.go.kr/1613000/RTMSDataSvcAptTrade/getRTMSDataSvcAptTrade?serviceKey=128f9c77ea952d1f7fc326471d91606bf7efd3a86d1fed876188bc7e4983e048&LAWD_CD=41117&DEAL_YMD=202607&pageNo=1&numOfRows=1000 - 6초 후 재시도
[!] 단지 조회 실패 (41117 202607): 429 Client Error: Too Many Requests for url: https://apis.data.go.kr/1613000/RTMSDataSvcAptTrade/getRTMSDataSvcAptTrade?serviceKey=128f9c77ea952d1f7fc326471d91606bf7efd3a86d1fed876188bc7e4983e048&LAWD_CD=41117&DEAL_YMD=202607&pageNo=1&numOfRows=1000
  → 0개 동, 0개 단지
[+] sujiComplexes 업로드 완료: 0개 단지 (수지구/기흥구/동탄구/마포구/용산구/성동구/영통구)
