python : error: cannot pull with rebase: You have unstaged changes.
At line:5 char:1
+ python generate_investment.py *>&1 | Tee-Object -FilePath "C:\Users\d ...
+ ~~~~~~~~~~~~~~~~~~~~~~~~~~~~~~~~~~
    + CategoryInfo          : NotSpecified: (error: cannot p...staged changes.:String) [], RemoteException
    + FullyQualifiedErrorId : NativeCommandError
 
error: Please commit or stash them.
[main 8db07bf] auto: update investment 2026-08-12
 1 file changed, 9583 insertions(+), 103 deletions(-)
To https://github.com/dctm1011-gif/yongs-ai-study.git
   6362bb7..8db07bf  main -> main
Exception in thread Thread-1 (_readerthread):
Traceback (most recent call last):
  File "C:\Users\dctm1\AppData\Local\Programs\Python\Python313\Lib\threading.py", line 1043, in _bootstrap_inner
    self.run()
    ~~~~~~~~^^
  File "C:\Users\dctm1\AppData\Local\Programs\Python\Python313\Lib\threading.py", line 994, in run
    self._target(*self._args, **self._kwargs)
    ~~~~~~~~~~~~^^^^^^^^^^^^^^^^^^^^^^^^^^^^^
  File "C:\Users\dctm1\AppData\Local\Programs\Python\Python313\Lib\subprocess.py", line 1615, in _readerthread
    buffer.append(fh.read())
                  ~~~~~~~^^
UnicodeDecodeError: 'cp949' codec can't decode byte 0xec in position 20: illegal multibyte sequence
Exception in thread Thread-3 (_readerthread):
Traceback (most recent call last):
  File "C:\Users\dctm1\AppData\Local\Programs\Python\Python313\Lib\threading.py", line 1043, in _bootstrap_inner
    self.run()
    ~~~~~~~~^^
  File "C:\Users\dctm1\AppData\Local\Programs\Python\Python313\Lib\threading.py", line 994, in run
    self._target(*self._args, **self._kwargs)
    ~~~~~~~~~~~~^^^^^^^^^^^^^^^^^^^^^^^^^^^^^
  File "C:\Users\dctm1\AppData\Local\Programs\Python\Python313\Lib\subprocess.py", line 1615, in _readerthread
    buffer.append(fh.read())
                  ~~~~~~~^^
UnicodeDecodeError: 'cp949' codec can't decode byte 0xec in position 20: illegal multibyte sequence
[*] 2026-08-12 경기도 20개 지역 실거래가 조회 중 (국토교통부 API)...
[*] 판교 실거래가 조회 중 (12개월 + 과거 10년)...
[*] 분당 실거래가 조회 중 (12개월 + 과거 10년)...
[*] 광교 실거래가 조회 중 (12개월 + 과거 10년)...
[*] 과천 실거래가 조회 중 (12개월 + 과거 10년)...
[*] 동탄 실거래가 조회 중 (12개월 + 과거 10년)...
[*] 기흥 실거래가 조회 중 (12개월 + 과거 10년)...
[*] 수지 실거래가 조회 중 (12개월 + 과거 10년)...
[*] 안산 실거래가 조회 중 (12개월 + 과거 10년)...
[*] 평택 실거래가 조회 중 (12개월 + 과거 10년)...
[*] 김포 실거래가 조회 중 (12개월 + 과거 10년)...
[*] 용인(처인) 실거래가 조회 중 (12개월 + 과거 10년)...
[*] 수원 영통 실거래가 조회 중 (12개월 + 과거 10년)...
[*] 수원 권선 실거래가 조회 중 (12개월 + 과거 10년)...
[*] 시흥 실거래가 조회 중 (12개월 + 과거 10년)...
[*] 하남 실거래가 조회 중 (12개월 + 과거 10년)...
[*] 오산 실거래가 조회 중 (12개월 + 과거 10년)...
[*] 의정부 실거래가 조회 중 (12개월 + 과거 10년)...
[*] 남양주 실거래가 조회 중 (12개월 + 과거 10년)...
[*] 구리 실거래가 조회 중 (12개월 + 과거 10년)...
[*] 부천 실거래가 조회 중 (12개월 + 과거 10년)...
[+] 실거래 데이터 확보: 20개 지역
[*] 2026-08-12 수지/동탄 동별 실거래가 조회 중...
[+] 동별 데이터 확보: 2개 지역
[*] 2026-08-12 경기도 전체 지역별(시/구) 실거래가 조회 중...
[*] 수원시 장안구 실거래가 + 동별 조회 중...
    세대수 조회 중 (41111)...
[*] 수원시 권선구 실거래가 + 동별 조회 중...
    세대수 조회 중 (41113)...
[*] 수원시 팔달구 실거래가 + 동별 조회 중...
    세대수 조회 중 (41115)...
[*] 수원시 영통구 실거래가 + 동별 조회 중...
    세대수 조회 중 (41117)...
[*] 성남시 수정구 실거래가 + 동별 조회 중...
    세대수 조회 중 (41131)...
[*] 성남시 중원구 실거래가 + 동별 조회 중...
    세대수 조회 중 (41133)...
[*] 성남시 분당구 실거래가 + 동별 조회 중...
    세대수 조회 중 (41135)...
[*] 의정부시 의정부시 실거래가 + 동별 조회 중...
    세대수 조회 중 (41150)...
[*] 안양시 만안구 실거래가 + 동별 조회 중...
    세대수 조회 중 (41171)...
[*] 안양시 동안구 실거래가 + 동별 조회 중...
    세대수 조회 중 (41173)...
[*] 부천시 부천시 실거래가 + 동별 조회 중...
    세대수 조회 중 (41194)...
    세대수 조회 중 (41196)...
    세대수 조회 중 (41198)...
[*] 광명시 광명시 실거래가 + 동별 조회 중...
    세대수 조회 중 (41210)...
[*] 평택시 평택시 실거래가 + 동별 조회 중...
    세대수 조회 중 (41220)...
[*] 안산시 상록구 실거래가 + 동별 조회 중...
    세대수 조회 중 (41271)...
[*] 안산시 단원구 실거래가 + 동별 조회 중...
    세대수 조회 중 (41273)...
[*] 고양시 덕양구 실거래가 + 동별 조회 중...
    세대수 조회 중 (41281)...
[*] 고양시 일산동구 실거래가 + 동별 조회 중...
    세대수 조회 중 (41285)...
[*] 고양시 일산서구 실거래가 + 동별 조회 중...
    세대수 조회 중 (41287)...
[*] 과천시 과천시 실거래가 + 동별 조회 중...
    세대수 조회 중 (41290)...
[*] 구리시 구리시 실거래가 + 동별 조회 중...
    세대수 조회 중 (41310)...
[*] 남양주시 남양주시 실거래가 + 동별 조회 중...
    세대수 조회 중 (41360)...
[*] 오산시 오산시 실거래가 + 동별 조회 중...
    세대수 조회 중 (41370)...
[*] 시흥시 시흥시 실거래가 + 동별 조회 중...
    세대수 조회 중 (41390)...
[*] 군포시 군포시 실거래가 + 동별 조회 중...
    세대수 조회 중 (41410)...
[*] 의왕시 의왕시 실거래가 + 동별 조회 중...
    세대수 조회 중 (41430)...
[*] 하남시 하남시 실거래가 + 동별 조회 중...
    세대수 조회 중 (41450)...
[*] 용인시 처인구 실거래가 + 동별 조회 중...
    세대수 조회 중 (41461)...
[*] 용인시 기흥구 실거래가 + 동별 조회 중...
    세대수 조회 중 (41463)...
[*] 용인시 수지구 실거래가 + 동별 조회 중...
    세대수 조회 중 (41465)...
[*] 파주시 파주시 실거래가 + 동별 조회 중...
    세대수 조회 중 (41480)...
[*] 이천시 이천시 실거래가 + 동별 조회 중...
    세대수 조회 중 (41500)...
[*] 김포시 김포시 실거래가 + 동별 조회 중...
    세대수 조회 중 (41570)...
[*] 화성시 화성본청 실거래가 + 동별 조회 중...
[!] 화성_본청: 거래 데이터 없음 - 항목 생략
[*] 화성시 동탄구 실거래가 + 동별 조회 중...
    세대수 조회 중 (41597)...
[*] 광주시 광주시 실거래가 + 동별 조회 중...
    세대수 조회 중 (41610)...
[*] 양주시 양주시 실거래가 + 동별 조회 중...
    세대수 조회 중 (41630)...
[+] 지역 탐색 데이터 확보: 35개 구/시
[*] 2026-08-12 오늘의 관심 종목 선정 중 (웹 검색)...
[+] 종목: SK하이닉스 (SKHY)
[*] 2026-08-12 투자 칼럼 생성 중 (웹 검색)...
[+] 칼럼 2개 생성 완료
[*] 2026-08-12 오늘의 부동산 용어 생성 중...
[*] 이전 용어 14개 제외: DSR, DSR (총부채원리금상환비율), 스트레스 DSR, 양도세 중과, 자금조달계획서, 자금출처확인, 시가기반 차등 대출한도, 공시가격 현실화율, 비거주 1주택, 거주기간 중심 개편, 공정시장가액비율, 조정대상지역, 일시적 2주택자, 보유세 부담 상한 비율
[+] 용어: 실거래가 신고
[*] 2026-08-12 뉴스 큐레이션 중 (웹 검색)...
[!] 뉴스 생성 실패, fallback 사용: JSON not found in response
[+] 뉴스 기사: 0개
[*] 2026-08-12 양도세 정책 방향 요약 생성 중 (웹 검색)...
[+] 양도세 정책 요약 완료
[*] 2026-08-12 종합부동산세 정책 방향 요약 생성 중 (웹 검색)...
[+] 종부세 정책 요약 완료
[+] daily.json 저장: C:\Users\dctm1\YongStudyApp\investment\daily.json
[*] GitHub 배포 중...
[+] GitHub 배포 완료
[!] Firebase 직접 업로드 예외: 'NoneType' object has no attribute 'strip'
[*] Netlify 빌드 완료 대기 중 (300초)...
[!] investment-daily 트리거 실패: HTTP Error 403: Forbidden
[!] Firebase 직접 업로드 예외: 'NoneType' object has no attribute 'strip'
