C:\Users\dctm1\YongStudyApp\investment\push_region_charts.py:20: DeprecationWarning: datetime.datetime.utcnow() is deprecated and scheduled for removal in a future version. Use timezone-aware objects to represent datetimes in UTC: datetime.datetime.now(datetime.UTC).
  return (datetime.utcnow() + timedelta(hours=9)).strftime("%Y-%m-%d")
[*] 기존 regionCharts 로드: 2026-08-25 (35개 지역) → 증분 모드
[*] 2026-08-26 경기도 전체 지역 실거래가 + 동별 드릴다운 수집 시작 (증분 모드)...
[*] 수원시 장안구 실거래가 + 동별 조회 중...
    세대수 조회 중 (41111)...
[*] 수원시 권선구 실거래가 + 동별 조회 중...
    세대수 조회 중 (41113)...
[*] 수원시 팔달구 실거래가 + 동별 조회 중...
    세대수 조회 중 (41115)...
[*] 수원시 영통구 실거래가 + 동별 조회 중...
    세대수 조회 중 (41117)...
[*] 성남시 수정구 실거래가 + 동별 조회 중...
    세대수 조회 중 (41131)...
[*] 성남시 중원구 실거래가 + 동별 조회 중...
    세대수 조회 중 (41133)...
[*] 성남시 분당구 실거래가 + 동별 조회 중...
    세대수 조회 중 (41135)...
[*] 의정부시 의정부시 실거래가 + 동별 조회 중...
    세대수 조회 중 (41150)...
[*] 안양시 만안구 실거래가 + 동별 조회 중...
    세대수 조회 중 (41171)...
[*] 안양시 동안구 실거래가 + 동별 조회 중...
    세대수 조회 중 (41173)...
[*] 부천시 부천시 실거래가 + 동별 조회 중...
    세대수 조회 중 (41194)...
    세대수 조회 중 (41196)...
    세대수 조회 중 (41198)...
[*] 광명시 광명시 실거래가 + 동별 조회 중...
    세대수 조회 중 (41210)...
[*] 평택시 평택시 실거래가 + 동별 조회 중...
    세대수 조회 중 (41220)...
[*] 안산시 상록구 실거래가 + 동별 조회 중...
    세대수 조회 중 (41271)...
[*] 안산시 단원구 실거래가 + 동별 조회 중...
    세대수 조회 중 (41273)...
[*] 고양시 덕양구 실거래가 + 동별 조회 중...
    세대수 조회 중 (41281)...
[*] 고양시 일산동구 실거래가 + 동별 조회 중...
    세대수 조회 중 (41285)...
[*] 고양시 일산서구 실거래가 + 동별 조회 중...
    세대수 조회 중 (41287)...
[*] 과천시 과천시 실거래가 + 동별 조회 중...
    세대수 조회 중 (41290)...
[*] 구리시 구리시 실거래가 + 동별 조회 중...
    세대수 조회 중 (41310)...
[*] 남양주시 남양주시 실거래가 + 동별 조회 중...
    세대수 조회 중 (41360)...
[*] 오산시 오산시 실거래가 + 동별 조회 중...
    세대수 조회 중 (41370)...
[*] 시흥시 시흥시 실거래가 + 동별 조회 중...
    세대수 조회 중 (41390)...
[*] 군포시 군포시 실거래가 + 동별 조회 중...
    세대수 조회 중 (41410)...
[*] 의왕시 의왕시 실거래가 + 동별 조회 중...
    세대수 조회 중 (41430)...
[*] 하남시 하남시 실거래가 + 동별 조회 중...
    세대수 조회 중 (41450)...
[*] 용인시 처인구 실거래가 + 동별 조회 중...
    세대수 조회 중 (41461)...
[*] 용인시 기흥구 실거래가 + 동별 조회 중...
    세대수 조회 중 (41463)...
[*] 용인시 수지구 실거래가 + 동별 조회 중...
    세대수 조회 중 (41465)...
[*] 파주시 파주시 실거래가 + 동별 조회 중...
    세대수 조회 중 (41480)...
[*] 이천시 이천시 실거래가 + 동별 조회 중...
    세대수 조회 중 (41500)...
[*] 김포시 김포시 실거래가 + 동별 조회 중...
    세대수 조회 중 (41570)...
[*] 화성시 화성본청 실거래가 + 동별 조회 중...
[!] 화성_본청: 거래 데이터 없음 - 항목 생략
[*] 화성시 동탄구 실거래가 + 동별 조회 중...
    세대수 조회 중 (41597)...
[*] 광주시 광주시 실거래가 + 동별 조회 중...
    세대수 조회 중 (41610)...
[*] 양주시 양주시 실거래가 + 동별 조회 중...
    세대수 조회 중 (41630)...
[*] 인천시 연수구 실거래가 + 동별 조회 중...
    세대수 조회 중 (28185)...
    [!] 공동주택 단지 목록 조회 실패 (28185): 400 Client Error: Bad Request for url: https://apis.data.go.kr/1613000/AptListService3/getSigunguAptList3?serviceKey=128f9c77ea952d1f7fc326471d91606bf7efd3a86d1fed876188bc7e4983e048&sigunguCode=28185&pageNo=1&numOfRows=1000
[+] 36개 지역 수집 완료, Firebase 업로드 중...
[+] regionCharts Firebase 업로드 완료: 36개
