C:\Users\dctm1\YongStudyApp\investment\push_region_charts.py:19: DeprecationWarning: datetime.datetime.utcnow() is deprecated and scheduled for removal in a future version. Use timezone-aware objects to represent datetimes in UTC: datetime.datetime.now(datetime.UTC).
  return (datetime.utcnow() + timedelta(hours=9)).strftime("%Y-%m-%d")
[*] 2026-08-26 경기도 전체 지역 실거래가 + 동별 드릴다운 수집 시작...
[*] 수원시 장안구 실거래가 + 동별 조회 중...
[!] 요청 실패 (LAWD_CD=41111, DEAL_YMD=201608, 시도 1): 429 Client Error: Too Many Requests for url: https://apis.data.go.kr/1613000/RTMSDataSvcAptTrade/getRTMSDataSvcAptTrade?serviceKey=128f9c77ea952d1f7fc326471d91606bf7efd3a86d1fed876188bc7e4983e048&LAWD_CD=41111&DEAL_YMD=201608&pageNo=1&numOfRows=1000 - 2초 후 재시도
[!] 요청 실패 (LAWD_CD=41111, DEAL_YMD=201608, 시도 2): 429 Client Error: Too Many Requests for url: https://apis.data.go.kr/1613000/RTMSDataSvcAptTrade/getRTMSDataSvcAptTrade?serviceKey=128f9c77ea952d1f7fc326471d91606bf7efd3a86d1fed876188bc7e4983e048&LAWD_CD=41111&DEAL_YMD=201608&pageNo=1&numOfRows=1000 - 4초 후 재시도
[!] 요청 실패 (LAWD_CD=41111, DEAL_YMD=201608, 시도 3): 429 Client Error: Too Many Requests for url: https://apis.data.go.kr/1613000/RTMSDataSvcAptTrade/getRTMSDataSvcAptTrade?serviceKey=128f9c77ea952d1f7fc326471d91606bf7efd3a86d1fed876188bc7e4983e048&LAWD_CD=41111&DEAL_YMD=201608&pageNo=1&numOfRows=1000 - 6초 후 재시도
[!] 수원_장안: 조회 실패 - 항목 생략: 429 Client Error: Too Many Requests for url: https://apis.data.go.kr/1613000/RTMSDataSvcAptTrade/getRTMSDataSvcAptTrade?serviceKey=128f9c77ea952d1f7fc326471d91606bf7efd3a86d1fed876188bc7e4983e048&LAWD_CD=41111&DEAL_YMD=201608&pageNo=1&numOfRows=1000
[*] 수원시 권선구 실거래가 + 동별 조회 중...
[!] 요청 실패 (LAWD_CD=41113, DEAL_YMD=201608, 시도 1): 429 Client Error: Too Many Requests for url: https://apis.data.go.kr/1613000/RTMSDataSvcAptTrade/getRTMSDataSvcAptTrade?serviceKey=128f9c77ea952d1f7fc326471d91606bf7efd3a86d1fed876188bc7e4983e048&LAWD_CD=41113&DEAL_YMD=201608&pageNo=1&numOfRows=1000 - 2초 후 재시도
[!] 요청 실패 (LAWD_CD=41113, DEAL_YMD=201608, 시도 2): 429 Client Error: Too Many Requests for url: https://apis.data.go.kr/1613000/RTMSDataSvcAptTrade/getRTMSDataSvcAptTrade?serviceKey=128f9c77ea952d1f7fc326471d91606bf7efd3a86d1fed876188bc7e4983e048&LAWD_CD=41113&DEAL_YMD=201608&pageNo=1&numOfRows=1000 - 4초 후 재시도
[!] 요청 실패 (LAWD_CD=41113, DEAL_YMD=201608, 시도 3): 429 Client Error: Too Many Requests for url: https://apis.data.go.kr/1613000/RTMSDataSvcAptTrade/getRTMSDataSvcAptTrade?serviceKey=128f9c77ea952d1f7fc326471d91606bf7efd3a86d1fed876188bc7e4983e048&LAWD_CD=41113&DEAL_YMD=201608&pageNo=1&numOfRows=1000 - 6초 후 재시도
[!] 수원_권선: 조회 실패 - 항목 생략: 429 Client Error: Too Many Requests for url: https://apis.data.go.kr/1613000/RTMSDataSvcAptTrade/getRTMSDataSvcAptTrade?serviceKey=128f9c77ea952d1f7fc326471d91606bf7efd3a86d1fed876188bc7e4983e048&LAWD_CD=41113&DEAL_YMD=201608&pageNo=1&numOfRows=1000
[*] 수원시 팔달구 실거래가 + 동별 조회 중...
[!] 요청 실패 (LAWD_CD=41115, DEAL_YMD=201608, 시도 1): 429 Client Error: Too Many Requests for url: https://apis.data.go.kr/1613000/RTMSDataSvcAptTrade/getRTMSDataSvcAptTrade?serviceKey=128f9c77ea952d1f7fc326471d91606bf7efd3a86d1fed876188bc7e4983e048&LAWD_CD=41115&DEAL_YMD=201608&pageNo=1&numOfRows=1000 - 2초 후 재시도
[!] 요청 실패 (LAWD_CD=41115, DEAL_YMD=201608, 시도 2): 429 Client Error: Too Many Requests for url: https://apis.data.go.kr/1613000/RTMSDataSvcAptTrade/getRTMSDataSvcAptTrade?serviceKey=128f9c77ea952d1f7fc326471d91606bf7efd3a86d1fed876188bc7e4983e048&LAWD_CD=41115&DEAL_YMD=201608&pageNo=1&numOfRows=1000 - 4초 후 재시도
[!] 요청 실패 (LAWD_CD=41115, DEAL_YMD=201608, 시도 3): 429 Client Error: Too Many Requests for url: https://apis.data.go.kr/1613000/RTMSDataSvcAptTrade/getRTMSDataSvcAptTrade?serviceKey=128f9c77ea952d1f7fc326471d91606bf7efd3a86d1fed876188bc7e4983e048&LAWD_CD=41115&DEAL_YMD=201608&pageNo=1&numOfRows=1000 - 6초 후 재시도
[!] 수원_팔달: 조회 실패 - 항목 생략: 429 Client Error: Too Many Requests for url: https://apis.data.go.kr/1613000/RTMSDataSvcAptTrade/getRTMSDataSvcAptTrade?serviceKey=128f9c77ea952d1f7fc326471d91606bf7efd3a86d1fed876188bc7e4983e048&LAWD_CD=41115&DEAL_YMD=201608&pageNo=1&numOfRows=1000
[*] 수원시 영통구 실거래가 + 동별 조회 중...
[!] 요청 실패 (LAWD_CD=41117, DEAL_YMD=201608, 시도 1): 429 Client Error: Too Many Requests for url: https://apis.data.go.kr/1613000/RTMSDataSvcAptTrade/getRTMSDataSvcAptTrade?serviceKey=128f9c77ea952d1f7fc326471d91606bf7efd3a86d1fed876188bc7e4983e048&LAWD_CD=41117&DEAL_YMD=201608&pageNo=1&numOfRows=1000 - 2초 후 재시도
[!] 요청 실패 (LAWD_CD=41117, DEAL_YMD=201608, 시도 2): 429 Client Error: Too Many Requests for url: https://apis.data.go.kr/1613000/RTMSDataSvcAptTrade/getRTMSDataSvcAptTrade?serviceKey=128f9c77ea952d1f7fc326471d91606bf7efd3a86d1fed876188bc7e4983e048&LAWD_CD=41117&DEAL_YMD=201608&pageNo=1&numOfRows=1000 - 4초 후 재시도
[!] 요청 실패 (LAWD_CD=41117, DEAL_YMD=201608, 시도 3): 429 Client Error: Too Many Requests for url: https://apis.data.go.kr/1613000/RTMSDataSvcAptTrade/getRTMSDataSvcAptTrade?serviceKey=128f9c77ea952d1f7fc326471d91606bf7efd3a86d1fed876188bc7e4983e048&LAWD_CD=41117&DEAL_YMD=201608&pageNo=1&numOfRows=1000 - 6초 후 재시도
[!] 수원_영통: 조회 실패 - 항목 생략: 429 Client Error: Too Many Requests for url: https://apis.data.go.kr/1613000/RTMSDataSvcAptTrade/getRTMSDataSvcAptTrade?serviceKey=128f9c77ea952d1f7fc326471d91606bf7efd3a86d1fed876188bc7e4983e048&LAWD_CD=41117&DEAL_YMD=201608&pageNo=1&numOfRows=1000
[*] 성남시 수정구 실거래가 + 동별 조회 중...
[!] 요청 실패 (LAWD_CD=41131, DEAL_YMD=201608, 시도 1): 429 Client Error: Too Many Requests for url: https://apis.data.go.kr/1613000/RTMSDataSvcAptTrade/getRTMSDataSvcAptTrade?serviceKey=128f9c77ea952d1f7fc326471d91606bf7efd3a86d1fed876188bc7e4983e048&LAWD_CD=41131&DEAL_YMD=201608&pageNo=1&numOfRows=1000 - 2초 후 재시도
[!] 요청 실패 (LAWD_CD=41131, DEAL_YMD=201608, 시도 2): 429 Client Error: Too Many Requests for url: https://apis.data.go.kr/1613000/RTMSDataSvcAptTrade/getRTMSDataSvcAptTrade?serviceKey=128f9c77ea952d1f7fc326471d91606bf7efd3a86d1fed876188bc7e4983e048&LAWD_CD=41131&DEAL_YMD=201608&pageNo=1&numOfRows=1000 - 4초 후 재시도
[!] 요청 실패 (LAWD_CD=41131, DEAL_YMD=201608, 시도 3): 429 Client Error: Too Many Requests for url: https://apis.data.go.kr/1613000/RTMSDataSvcAptTrade/getRTMSDataSvcAptTrade?serviceKey=128f9c77ea952d1f7fc326471d91606bf7efd3a86d1fed876188bc7e4983e048&LAWD_CD=41131&DEAL_YMD=201608&pageNo=1&numOfRows=1000 - 6초 후 재시도
[!] 성남_수정: 조회 실패 - 항목 생략: 429 Client Error: Too Many Requests for url: https://apis.data.go.kr/1613000/RTMSDataSvcAptTrade/getRTMSDataSvcAptTrade?serviceKey=128f9c77ea952d1f7fc326471d91606bf7efd3a86d1fed876188bc7e4983e048&LAWD_CD=41131&DEAL_YMD=201608&pageNo=1&numOfRows=1000
[*] 성남시 중원구 실거래가 + 동별 조회 중...
[!] 요청 실패 (LAWD_CD=41133, DEAL_YMD=201608, 시도 1): 429 Client Error: Too Many Requests for url: https://apis.data.go.kr/1613000/RTMSDataSvcAptTrade/getRTMSDataSvcAptTrade?serviceKey=128f9c77ea952d1f7fc326471d91606bf7efd3a86d1fed876188bc7e4983e048&LAWD_CD=41133&DEAL_YMD=201608&pageNo=1&numOfRows=1000 - 2초 후 재시도
[!] 요청 실패 (LAWD_CD=41133, DEAL_YMD=201608, 시도 2): 429 Client Error: Too Many Requests for url: https://apis.data.go.kr/1613000/RTMSDataSvcAptTrade/getRTMSDataSvcAptTrade?serviceKey=128f9c77ea952d1f7fc326471d91606bf7efd3a86d1fed876188bc7e4983e048&LAWD_CD=41133&DEAL_YMD=201608&pageNo=1&numOfRows=1000 - 4초 후 재시도
[!] 요청 실패 (LAWD_CD=41133, DEAL_YMD=201608, 시도 3): 429 Client Error: Too Many Requests for url: https://apis.data.go.kr/1613000/RTMSDataSvcAptTrade/getRTMSDataSvcAptTrade?serviceKey=128f9c77ea952d1f7fc326471d91606bf7efd3a86d1fed876188bc7e4983e048&LAWD_CD=41133&DEAL_YMD=201608&pageNo=1&numOfRows=1000 - 6초 후 재시도
[!] 성남_중원: 조회 실패 - 항목 생략: 429 Client Error: Too Many Requests for url: https://apis.data.go.kr/1613000/RTMSDataSvcAptTrade/getRTMSDataSvcAptTrade?serviceKey=128f9c77ea952d1f7fc326471d91606bf7efd3a86d1fed876188bc7e4983e048&LAWD_CD=41133&DEAL_YMD=201608&pageNo=1&numOfRows=1000
[*] 성남시 분당구 실거래가 + 동별 조회 중...
[!] 요청 실패 (LAWD_CD=41135, DEAL_YMD=201608, 시도 1): 429 Client Error: Too Many Requests for url: https://apis.data.go.kr/1613000/RTMSDataSvcAptTrade/getRTMSDataSvcAptTrade?serviceKey=128f9c77ea952d1f7fc326471d91606bf7efd3a86d1fed876188bc7e4983e048&LAWD_CD=41135&DEAL_YMD=201608&pageNo=1&numOfRows=1000 - 2초 후 재시도
[!] 요청 실패 (LAWD_CD=41135, DEAL_YMD=201608, 시도 2): 429 Client Error: Too Many Requests for url: https://apis.data.go.kr/1613000/RTMSDataSvcAptTrade/getRTMSDataSvcAptTrade?serviceKey=128f9c77ea952d1f7fc326471d91606bf7efd3a86d1fed876188bc7e4983e048&LAWD_CD=41135&DEAL_YMD=201608&pageNo=1&numOfRows=1000 - 4초 후 재시도
[!] 요청 실패 (LAWD_CD=41135, DEAL_YMD=201608, 시도 3): 429 Client Error: Too Many Requests for url: https://apis.data.go.kr/1613000/RTMSDataSvcAptTrade/getRTMSDataSvcAptTrade?serviceKey=128f9c77ea952d1f7fc326471d91606bf7efd3a86d1fed876188bc7e4983e048&LAWD_CD=41135&DEAL_YMD=201608&pageNo=1&numOfRows=1000 - 6초 후 재시도
[!] 성남_분당: 조회 실패 - 항목 생략: 429 Client Error: Too Many Requests for url: https://apis.data.go.kr/1613000/RTMSDataSvcAptTrade/getRTMSDataSvcAptTrade?serviceKey=128f9c77ea952d1f7fc326471d91606bf7efd3a86d1fed876188bc7e4983e048&LAWD_CD=41135&DEAL_YMD=201608&pageNo=1&numOfRows=1000
[*] 의정부시 의정부시 실거래가 + 동별 조회 중...
[!] 요청 실패 (LAWD_CD=41150, DEAL_YMD=201608, 시도 1): 429 Client Error: Too Many Requests for url: https://apis.data.go.kr/1613000/RTMSDataSvcAptTrade/getRTMSDataSvcAptTrade?serviceKey=128f9c77ea952d1f7fc326471d91606bf7efd3a86d1fed876188bc7e4983e048&LAWD_CD=41150&DEAL_YMD=201608&pageNo=1&numOfRows=1000 - 2초 후 재시도
[!] 요청 실패 (LAWD_CD=41150, DEAL_YMD=201608, 시도 2): 429 Client Error: Too Many Requests for url: https://apis.data.go.kr/1613000/RTMSDataSvcAptTrade/getRTMSDataSvcAptTrade?serviceKey=128f9c77ea952d1f7fc326471d91606bf7efd3a86d1fed876188bc7e4983e048&LAWD_CD=41150&DEAL_YMD=201608&pageNo=1&numOfRows=1000 - 4초 후 재시도
[!] 요청 실패 (LAWD_CD=41150, DEAL_YMD=201608, 시도 3): 429 Client Error: Too Many Requests for url: https://apis.data.go.kr/1613000/RTMSDataSvcAptTrade/getRTMSDataSvcAptTrade?serviceKey=128f9c77ea952d1f7fc326471d91606bf7efd3a86d1fed876188bc7e4983e048&LAWD_CD=41150&DEAL_YMD=201608&pageNo=1&numOfRows=1000 - 6초 후 재시도
[!] 의정부: 조회 실패 - 항목 생략: 429 Client Error: Too Many Requests for url: https://apis.data.go.kr/1613000/RTMSDataSvcAptTrade/getRTMSDataSvcAptTrade?serviceKey=128f9c77ea952d1f7fc326471d91606bf7efd3a86d1fed876188bc7e4983e048&LAWD_CD=41150&DEAL_YMD=201608&pageNo=1&numOfRows=1000
[*] 안양시 만안구 실거래가 + 동별 조회 중...
[!] 요청 실패 (LAWD_CD=41171, DEAL_YMD=201608, 시도 1): 429 Client Error: Too Many Requests for url: https://apis.data.go.kr/1613000/RTMSDataSvcAptTrade/getRTMSDataSvcAptTrade?serviceKey=128f9c77ea952d1f7fc326471d91606bf7efd3a86d1fed876188bc7e4983e048&LAWD_CD=41171&DEAL_YMD=201608&pageNo=1&numOfRows=1000 - 2초 후 재시도
[!] 요청 실패 (LAWD_CD=41171, DEAL_YMD=201608, 시도 2): 429 Client Error: Too Many Requests for url: https://apis.data.go.kr/1613000/RTMSDataSvcAptTrade/getRTMSDataSvcAptTrade?serviceKey=128f9c77ea952d1f7fc326471d91606bf7efd3a86d1fed876188bc7e4983e048&LAWD_CD=41171&DEAL_YMD=201608&pageNo=1&numOfRows=1000 - 4초 후 재시도
[!] 요청 실패 (LAWD_CD=41171, DEAL_YMD=201608, 시도 3): 429 Client Error: Too Many Requests for url: https://apis.data.go.kr/1613000/RTMSDataSvcAptTrade/getRTMSDataSvcAptTrade?serviceKey=128f9c77ea952d1f7fc326471d91606bf7efd3a86d1fed876188bc7e4983e048&LAWD_CD=41171&DEAL_YMD=201608&pageNo=1&numOfRows=1000 - 6초 후 재시도
[!] 안양_만안: 조회 실패 - 항목 생략: 429 Client Error: Too Many Requests for url: https://apis.data.go.kr/1613000/RTMSDataSvcAptTrade/getRTMSDataSvcAptTrade?serviceKey=128f9c77ea952d1f7fc326471d91606bf7efd3a86d1fed876188bc7e4983e048&LAWD_CD=41171&DEAL_YMD=201608&pageNo=1&numOfRows=1000
[*] 안양시 동안구 실거래가 + 동별 조회 중...
[!] 요청 실패 (LAWD_CD=41173, DEAL_YMD=201608, 시도 1): 429 Client Error: Too Many Requests for url: https://apis.data.go.kr/1613000/RTMSDataSvcAptTrade/getRTMSDataSvcAptTrade?serviceKey=128f9c77ea952d1f7fc326471d91606bf7efd3a86d1fed876188bc7e4983e048&LAWD_CD=41173&DEAL_YMD=201608&pageNo=1&numOfRows=1000 - 2초 후 재시도
[!] 요청 실패 (LAWD_CD=41173, DEAL_YMD=201608, 시도 2): 429 Client Error: Too Many Requests for url: https://apis.data.go.kr/1613000/RTMSDataSvcAptTrade/getRTMSDataSvcAptTrade?serviceKey=128f9c77ea952d1f7fc326471d91606bf7efd3a86d1fed876188bc7e4983e048&LAWD_CD=41173&DEAL_YMD=201608&pageNo=1&numOfRows=1000 - 4초 후 재시도
[!] 요청 실패 (LAWD_CD=41173, DEAL_YMD=201608, 시도 3): 429 Client Error: Too Many Requests for url: https://apis.data.go.kr/1613000/RTMSDataSvcAptTrade/getRTMSDataSvcAptTrade?serviceKey=128f9c77ea952d1f7fc326471d91606bf7efd3a86d1fed876188bc7e4983e048&LAWD_CD=41173&DEAL_YMD=201608&pageNo=1&numOfRows=1000 - 6초 후 재시도
[!] 안양_동안: 조회 실패 - 항목 생략: 429 Client Error: Too Many Requests for url: https://apis.data.go.kr/1613000/RTMSDataSvcAptTrade/getRTMSDataSvcAptTrade?serviceKey=128f9c77ea952d1f7fc326471d91606bf7efd3a86d1fed876188bc7e4983e048&LAWD_CD=41173&DEAL_YMD=201608&pageNo=1&numOfRows=1000
[*] 부천시 부천시 실거래가 + 동별 조회 중...
[!] 요청 실패 (LAWD_CD=41194, DEAL_YMD=201608, 시도 1): 429 Client Error: Too Many Requests for url: https://apis.data.go.kr/1613000/RTMSDataSvcAptTrade/getRTMSDataSvcAptTrade?serviceKey=128f9c77ea952d1f7fc326471d91606bf7efd3a86d1fed876188bc7e4983e048&LAWD_CD=41194&DEAL_YMD=201608&pageNo=1&numOfRows=1000 - 2초 후 재시도
[!] 요청 실패 (LAWD_CD=41194, DEAL_YMD=201608, 시도 2): 429 Client Error: Too Many Requests for url: https://apis.data.go.kr/1613000/RTMSDataSvcAptTrade/getRTMSDataSvcAptTrade?serviceKey=128f9c77ea952d1f7fc326471d91606bf7efd3a86d1fed876188bc7e4983e048&LAWD_CD=41194&DEAL_YMD=201608&pageNo=1&numOfRows=1000 - 4초 후 재시도
[!] 요청 실패 (LAWD_CD=41194, DEAL_YMD=201608, 시도 3): 429 Client Error: Too Many Requests for url: https://apis.data.go.kr/1613000/RTMSDataSvcAptTrade/getRTMSDataSvcAptTrade?serviceKey=128f9c77ea952d1f7fc326471d91606bf7efd3a86d1fed876188bc7e4983e048&LAWD_CD=41194&DEAL_YMD=201608&pageNo=1&numOfRows=1000 - 6초 후 재시도
[!] 부천: 조회 실패 - 항목 생략: 429 Client Error: Too Many Requests for url: https://apis.data.go.kr/1613000/RTMSDataSvcAptTrade/getRTMSDataSvcAptTrade?serviceKey=128f9c77ea952d1f7fc326471d91606bf7efd3a86d1fed876188bc7e4983e048&LAWD_CD=41194&DEAL_YMD=201608&pageNo=1&numOfRows=1000
[*] 광명시 광명시 실거래가 + 동별 조회 중...
[!] 요청 실패 (LAWD_CD=41210, DEAL_YMD=201608, 시도 1): 429 Client Error: Too Many Requests for url: https://apis.data.go.kr/1613000/RTMSDataSvcAptTrade/getRTMSDataSvcAptTrade?serviceKey=128f9c77ea952d1f7fc326471d91606bf7efd3a86d1fed876188bc7e4983e048&LAWD_CD=41210&DEAL_YMD=201608&pageNo=1&numOfRows=1000 - 2초 후 재시도
[!] 요청 실패 (LAWD_CD=41210, DEAL_YMD=201608, 시도 2): 429 Client Error: Too Many Requests for url: https://apis.data.go.kr/1613000/RTMSDataSvcAptTrade/getRTMSDataSvcAptTrade?serviceKey=128f9c77ea952d1f7fc326471d91606bf7efd3a86d1fed876188bc7e4983e048&LAWD_CD=41210&DEAL_YMD=201608&pageNo=1&numOfRows=1000 - 4초 후 재시도
[!] 요청 실패 (LAWD_CD=41210, DEAL_YMD=201608, 시도 3): 429 Client Error: Too Many Requests for url: https://apis.data.go.kr/1613000/RTMSDataSvcAptTrade/getRTMSDataSvcAptTrade?serviceKey=128f9c77ea952d1f7fc326471d91606bf7efd3a86d1fed876188bc7e4983e048&LAWD_CD=41210&DEAL_YMD=201608&pageNo=1&numOfRows=1000 - 6초 후 재시도
[!] 광명: 조회 실패 - 항목 생략: 429 Client Error: Too Many Requests for url: https://apis.data.go.kr/1613000/RTMSDataSvcAptTrade/getRTMSDataSvcAptTrade?serviceKey=128f9c77ea952d1f7fc326471d91606bf7efd3a86d1fed876188bc7e4983e048&LAWD_CD=41210&DEAL_YMD=201608&pageNo=1&numOfRows=1000
[*] 평택시 평택시 실거래가 + 동별 조회 중...
[!] 요청 실패 (LAWD_CD=41220, DEAL_YMD=201608, 시도 1): 429 Client Error: Too Many Requests for url: https://apis.data.go.kr/1613000/RTMSDataSvcAptTrade/getRTMSDataSvcAptTrade?serviceKey=128f9c77ea952d1f7fc326471d91606bf7efd3a86d1fed876188bc7e4983e048&LAWD_CD=41220&DEAL_YMD=201608&pageNo=1&numOfRows=1000 - 2초 후 재시도
[!] 요청 실패 (LAWD_CD=41220, DEAL_YMD=201608, 시도 2): 429 Client Error: Too Many Requests for url: https://apis.data.go.kr/1613000/RTMSDataSvcAptTrade/getRTMSDataSvcAptTrade?serviceKey=128f9c77ea952d1f7fc326471d91606bf7efd3a86d1fed876188bc7e4983e048&LAWD_CD=41220&DEAL_YMD=201608&pageNo=1&numOfRows=1000 - 4초 후 재시도
[!] 요청 실패 (LAWD_CD=41220, DEAL_YMD=201608, 시도 3): 429 Client Error: Too Many Requests for url: https://apis.data.go.kr/1613000/RTMSDataSvcAptTrade/getRTMSDataSvcAptTrade?serviceKey=128f9c77ea952d1f7fc326471d91606bf7efd3a86d1fed876188bc7e4983e048&LAWD_CD=41220&DEAL_YMD=201608&pageNo=1&numOfRows=1000 - 6초 후 재시도
[!] 평택: 조회 실패 - 항목 생략: 429 Client Error: Too Many Requests for url: https://apis.data.go.kr/1613000/RTMSDataSvcAptTrade/getRTMSDataSvcAptTrade?serviceKey=128f9c77ea952d1f7fc326471d91606bf7efd3a86d1fed876188bc7e4983e048&LAWD_CD=41220&DEAL_YMD=201608&pageNo=1&numOfRows=1000
[*] 안산시 상록구 실거래가 + 동별 조회 중...
[!] 요청 실패 (LAWD_CD=41271, DEAL_YMD=201608, 시도 1): 429 Client Error: Too Many Requests for url: https://apis.data.go.kr/1613000/RTMSDataSvcAptTrade/getRTMSDataSvcAptTrade?serviceKey=128f9c77ea952d1f7fc326471d91606bf7efd3a86d1fed876188bc7e4983e048&LAWD_CD=41271&DEAL_YMD=201608&pageNo=1&numOfRows=1000 - 2초 후 재시도
[!] 요청 실패 (LAWD_CD=41271, DEAL_YMD=201608, 시도 2): 429 Client Error: Too Many Requests for url: https://apis.data.go.kr/1613000/RTMSDataSvcAptTrade/getRTMSDataSvcAptTrade?serviceKey=128f9c77ea952d1f7fc326471d91606bf7efd3a86d1fed876188bc7e4983e048&LAWD_CD=41271&DEAL_YMD=201608&pageNo=1&numOfRows=1000 - 4초 후 재시도
[!] 요청 실패 (LAWD_CD=41271, DEAL_YMD=201608, 시도 3): 429 Client Error: Too Many Requests for url: https://apis.data.go.kr/1613000/RTMSDataSvcAptTrade/getRTMSDataSvcAptTrade?serviceKey=128f9c77ea952d1f7fc326471d91606bf7efd3a86d1fed876188bc7e4983e048&LAWD_CD=41271&DEAL_YMD=201608&pageNo=1&numOfRows=1000 - 6초 후 재시도
[!] 안산_상록: 조회 실패 - 항목 생략: 429 Client Error: Too Many Requests for url: https://apis.data.go.kr/1613000/RTMSDataSvcAptTrade/getRTMSDataSvcAptTrade?serviceKey=128f9c77ea952d1f7fc326471d91606bf7efd3a86d1fed876188bc7e4983e048&LAWD_CD=41271&DEAL_YMD=201608&pageNo=1&numOfRows=1000
[*] 안산시 단원구 실거래가 + 동별 조회 중...
[!] 요청 실패 (LAWD_CD=41273, DEAL_YMD=201608, 시도 1): 429 Client Error: Too Many Requests for url: https://apis.data.go.kr/1613000/RTMSDataSvcAptTrade/getRTMSDataSvcAptTrade?serviceKey=128f9c77ea952d1f7fc326471d91606bf7efd3a86d1fed876188bc7e4983e048&LAWD_CD=41273&DEAL_YMD=201608&pageNo=1&numOfRows=1000 - 2초 후 재시도
[!] 요청 실패 (LAWD_CD=41273, DEAL_YMD=201608, 시도 2): 429 Client Error: Too Many Requests for url: https://apis.data.go.kr/1613000/RTMSDataSvcAptTrade/getRTMSDataSvcAptTrade?serviceKey=128f9c77ea952d1f7fc326471d91606bf7efd3a86d1fed876188bc7e4983e048&LAWD_CD=41273&DEAL_YMD=201608&pageNo=1&numOfRows=1000 - 4초 후 재시도
[!] 요청 실패 (LAWD_CD=41273, DEAL_YMD=201608, 시도 3): 429 Client Error: Too Many Requests for url: https://apis.data.go.kr/1613000/RTMSDataSvcAptTrade/getRTMSDataSvcAptTrade?serviceKey=128f9c77ea952d1f7fc326471d91606bf7efd3a86d1fed876188bc7e4983e048&LAWD_CD=41273&DEAL_YMD=201608&pageNo=1&numOfRows=1000 - 6초 후 재시도
[!] 안산_단원: 조회 실패 - 항목 생략: 429 Client Error: Too Many Requests for url: https://apis.data.go.kr/1613000/RTMSDataSvcAptTrade/getRTMSDataSvcAptTrade?serviceKey=128f9c77ea952d1f7fc326471d91606bf7efd3a86d1fed876188bc7e4983e048&LAWD_CD=41273&DEAL_YMD=201608&pageNo=1&numOfRows=1000
[*] 고양시 덕양구 실거래가 + 동별 조회 중...
[!] 요청 실패 (LAWD_CD=41281, DEAL_YMD=201608, 시도 1): 429 Client Error: Too Many Requests for url: https://apis.data.go.kr/1613000/RTMSDataSvcAptTrade/getRTMSDataSvcAptTrade?serviceKey=128f9c77ea952d1f7fc326471d91606bf7efd3a86d1fed876188bc7e4983e048&LAWD_CD=41281&DEAL_YMD=201608&pageNo=1&numOfRows=1000 - 2초 후 재시도
[!] 요청 실패 (LAWD_CD=41281, DEAL_YMD=201608, 시도 2): 429 Client Error: Too Many Requests for url: https://apis.data.go.kr/1613000/RTMSDataSvcAptTrade/getRTMSDataSvcAptTrade?serviceKey=128f9c77ea952d1f7fc326471d91606bf7efd3a86d1fed876188bc7e4983e048&LAWD_CD=41281&DEAL_YMD=201608&pageNo=1&numOfRows=1000 - 4초 후 재시도
[!] 요청 실패 (LAWD_CD=41281, DEAL_YMD=201608, 시도 3): 429 Client Error: Too Many Requests for url: https://apis.data.go.kr/1613000/RTMSDataSvcAptTrade/getRTMSDataSvcAptTrade?serviceKey=128f9c77ea952d1f7fc326471d91606bf7efd3a86d1fed876188bc7e4983e048&LAWD_CD=41281&DEAL_YMD=201608&pageNo=1&numOfRows=1000 - 6초 후 재시도
[!] 고양_덕양: 조회 실패 - 항목 생략: 429 Client Error: Too Many Requests for url: https://apis.data.go.kr/1613000/RTMSDataSvcAptTrade/getRTMSDataSvcAptTrade?serviceKey=128f9c77ea952d1f7fc326471d91606bf7efd3a86d1fed876188bc7e4983e048&LAWD_CD=41281&DEAL_YMD=201608&pageNo=1&numOfRows=1000
[*] 고양시 일산동구 실거래가 + 동별 조회 중...
[!] 요청 실패 (LAWD_CD=41285, DEAL_YMD=201608, 시도 1): 429 Client Error: Too Many Requests for url: https://apis.data.go.kr/1613000/RTMSDataSvcAptTrade/getRTMSDataSvcAptTrade?serviceKey=128f9c77ea952d1f7fc326471d91606bf7efd3a86d1fed876188bc7e4983e048&LAWD_CD=41285&DEAL_YMD=201608&pageNo=1&numOfRows=1000 - 2초 후 재시도
[!] 요청 실패 (LAWD_CD=41285, DEAL_YMD=201608, 시도 2): 429 Client Error: Too Many Requests for url: https://apis.data.go.kr/1613000/RTMSDataSvcAptTrade/getRTMSDataSvcAptTrade?serviceKey=128f9c77ea952d1f7fc326471d91606bf7efd3a86d1fed876188bc7e4983e048&LAWD_CD=41285&DEAL_YMD=201608&pageNo=1&numOfRows=1000 - 4초 후 재시도
[!] 요청 실패 (LAWD_CD=41285, DEAL_YMD=201608, 시도 3): 429 Client Error: Too Many Requests for url: https://apis.data.go.kr/1613000/RTMSDataSvcAptTrade/getRTMSDataSvcAptTrade?serviceKey=128f9c77ea952d1f7fc326471d91606bf7efd3a86d1fed876188bc7e4983e048&LAWD_CD=41285&DEAL_YMD=201608&pageNo=1&numOfRows=1000 - 6초 후 재시도
[!] 고양_일산동: 조회 실패 - 항목 생략: 429 Client Error: Too Many Requests for url: https://apis.data.go.kr/1613000/RTMSDataSvcAptTrade/getRTMSDataSvcAptTrade?serviceKey=128f9c77ea952d1f7fc326471d91606bf7efd3a86d1fed876188bc7e4983e048&LAWD_CD=41285&DEAL_YMD=201608&pageNo=1&numOfRows=1000
[*] 고양시 일산서구 실거래가 + 동별 조회 중...
[!] 요청 실패 (LAWD_CD=41287, DEAL_YMD=201608, 시도 1): 429 Client Error: Too Many Requests for url: https://apis.data.go.kr/1613000/RTMSDataSvcAptTrade/getRTMSDataSvcAptTrade?serviceKey=128f9c77ea952d1f7fc326471d91606bf7efd3a86d1fed876188bc7e4983e048&LAWD_CD=41287&DEAL_YMD=201608&pageNo=1&numOfRows=1000 - 2초 후 재시도
[!] 요청 실패 (LAWD_CD=41287, DEAL_YMD=201608, 시도 2): 429 Client Error: Too Many Requests for url: https://apis.data.go.kr/1613000/RTMSDataSvcAptTrade/getRTMSDataSvcAptTrade?serviceKey=128f9c77ea952d1f7fc326471d91606bf7efd3a86d1fed876188bc7e4983e048&LAWD_CD=41287&DEAL_YMD=201608&pageNo=1&numOfRows=1000 - 4초 후 재시도
[!] 요청 실패 (LAWD_CD=41287, DEAL_YMD=201608, 시도 3): 429 Client Error: Too Many Requests for url: https://apis.data.go.kr/1613000/RTMSDataSvcAptTrade/getRTMSDataSvcAptTrade?serviceKey=128f9c77ea952d1f7fc326471d91606bf7efd3a86d1fed876188bc7e4983e048&LAWD_CD=41287&DEAL_YMD=201608&pageNo=1&numOfRows=1000 - 6초 후 재시도
[!] 고양_일산서: 조회 실패 - 항목 생략: 429 Client Error: Too Many Requests for url: https://apis.data.go.kr/1613000/RTMSDataSvcAptTrade/getRTMSDataSvcAptTrade?serviceKey=128f9c77ea952d1f7fc326471d91606bf7efd3a86d1fed876188bc7e4983e048&LAWD_CD=41287&DEAL_YMD=201608&pageNo=1&numOfRows=1000
[*] 과천시 과천시 실거래가 + 동별 조회 중...
[!] 요청 실패 (LAWD_CD=41290, DEAL_YMD=201608, 시도 1): 429 Client Error: Too Many Requests for url: https://apis.data.go.kr/1613000/RTMSDataSvcAptTrade/getRTMSDataSvcAptTrade?serviceKey=128f9c77ea952d1f7fc326471d91606bf7efd3a86d1fed876188bc7e4983e048&LAWD_CD=41290&DEAL_YMD=201608&pageNo=1&numOfRows=1000 - 2초 후 재시도
[!] 요청 실패 (LAWD_CD=41290, DEAL_YMD=201608, 시도 2): 429 Client Error: Too Many Requests for url: https://apis.data.go.kr/1613000/RTMSDataSvcAptTrade/getRTMSDataSvcAptTrade?serviceKey=128f9c77ea952d1f7fc326471d91606bf7efd3a86d1fed876188bc7e4983e048&LAWD_CD=41290&DEAL_YMD=201608&pageNo=1&numOfRows=1000 - 4초 후 재시도
[!] 요청 실패 (LAWD_CD=41290, DEAL_YMD=201608, 시도 3): 429 Client Error: Too Many Requests for url: https://apis.data.go.kr/1613000/RTMSDataSvcAptTrade/getRTMSDataSvcAptTrade?serviceKey=128f9c77ea952d1f7fc326471d91606bf7efd3a86d1fed876188bc7e4983e048&LAWD_CD=41290&DEAL_YMD=201608&pageNo=1&numOfRows=1000 - 6초 후 재시도
[!] 과천: 조회 실패 - 항목 생략: 429 Client Error: Too Many Requests for url: https://apis.data.go.kr/1613000/RTMSDataSvcAptTrade/getRTMSDataSvcAptTrade?serviceKey=128f9c77ea952d1f7fc326471d91606bf7efd3a86d1fed876188bc7e4983e048&LAWD_CD=41290&DEAL_YMD=201608&pageNo=1&numOfRows=1000
[*] 구리시 구리시 실거래가 + 동별 조회 중...
[!] 요청 실패 (LAWD_CD=41310, DEAL_YMD=201608, 시도 1): 429 Client Error: Too Many Requests for url: https://apis.data.go.kr/1613000/RTMSDataSvcAptTrade/getRTMSDataSvcAptTrade?serviceKey=128f9c77ea952d1f7fc326471d91606bf7efd3a86d1fed876188bc7e4983e048&LAWD_CD=41310&DEAL_YMD=201608&pageNo=1&numOfRows=1000 - 2초 후 재시도
[!] 요청 실패 (LAWD_CD=41310, DEAL_YMD=201608, 시도 2): 429 Client Error: Too Many Requests for url: https://apis.data.go.kr/1613000/RTMSDataSvcAptTrade/getRTMSDataSvcAptTrade?serviceKey=128f9c77ea952d1f7fc326471d91606bf7efd3a86d1fed876188bc7e4983e048&LAWD_CD=41310&DEAL_YMD=201608&pageNo=1&numOfRows=1000 - 4초 후 재시도
[!] 요청 실패 (LAWD_CD=41310, DEAL_YMD=201608, 시도 3): 429 Client Error: Too Many Requests for url: https://apis.data.go.kr/1613000/RTMSDataSvcAptTrade/getRTMSDataSvcAptTrade?serviceKey=128f9c77ea952d1f7fc326471d91606bf7efd3a86d1fed876188bc7e4983e048&LAWD_CD=41310&DEAL_YMD=201608&pageNo=1&numOfRows=1000 - 6초 후 재시도
[!] 구리: 조회 실패 - 항목 생략: 429 Client Error: Too Many Requests for url: https://apis.data.go.kr/1613000/RTMSDataSvcAptTrade/getRTMSDataSvcAptTrade?serviceKey=128f9c77ea952d1f7fc326471d91606bf7efd3a86d1fed876188bc7e4983e048&LAWD_CD=41310&DEAL_YMD=201608&pageNo=1&numOfRows=1000
[*] 남양주시 남양주시 실거래가 + 동별 조회 중...
[!] 요청 실패 (LAWD_CD=41360, DEAL_YMD=201608, 시도 1): 429 Client Error: Too Many Requests for url: https://apis.data.go.kr/1613000/RTMSDataSvcAptTrade/getRTMSDataSvcAptTrade?serviceKey=128f9c77ea952d1f7fc326471d91606bf7efd3a86d1fed876188bc7e4983e048&LAWD_CD=41360&DEAL_YMD=201608&pageNo=1&numOfRows=1000 - 2초 후 재시도
[!] 요청 실패 (LAWD_CD=41360, DEAL_YMD=201608, 시도 2): 429 Client Error: Too Many Requests for url: https://apis.data.go.kr/1613000/RTMSDataSvcAptTrade/getRTMSDataSvcAptTrade?serviceKey=128f9c77ea952d1f7fc326471d91606bf7efd3a86d1fed876188bc7e4983e048&LAWD_CD=41360&DEAL_YMD=201608&pageNo=1&numOfRows=1000 - 4초 후 재시도
[!] 요청 실패 (LAWD_CD=41360, DEAL_YMD=201608, 시도 3): 429 Client Error: Too Many Requests for url: https://apis.data.go.kr/1613000/RTMSDataSvcAptTrade/getRTMSDataSvcAptTrade?serviceKey=128f9c77ea952d1f7fc326471d91606bf7efd3a86d1fed876188bc7e4983e048&LAWD_CD=41360&DEAL_YMD=201608&pageNo=1&numOfRows=1000 - 6초 후 재시도
[!] 남양주: 조회 실패 - 항목 생략: 429 Client Error: Too Many Requests for url: https://apis.data.go.kr/1613000/RTMSDataSvcAptTrade/getRTMSDataSvcAptTrade?serviceKey=128f9c77ea952d1f7fc326471d91606bf7efd3a86d1fed876188bc7e4983e048&LAWD_CD=41360&DEAL_YMD=201608&pageNo=1&numOfRows=1000
[*] 오산시 오산시 실거래가 + 동별 조회 중...
[!] 요청 실패 (LAWD_CD=41370, DEAL_YMD=201608, 시도 1): 429 Client Error: Too Many Requests for url: https://apis.data.go.kr/1613000/RTMSDataSvcAptTrade/getRTMSDataSvcAptTrade?serviceKey=128f9c77ea952d1f7fc326471d91606bf7efd3a86d1fed876188bc7e4983e048&LAWD_CD=41370&DEAL_YMD=201608&pageNo=1&numOfRows=1000 - 2초 후 재시도
[!] 요청 실패 (LAWD_CD=41370, DEAL_YMD=201608, 시도 2): 429 Client Error: Too Many Requests for url: https://apis.data.go.kr/1613000/RTMSDataSvcAptTrade/getRTMSDataSvcAptTrade?serviceKey=128f9c77ea952d1f7fc326471d91606bf7efd3a86d1fed876188bc7e4983e048&LAWD_CD=41370&DEAL_YMD=201608&pageNo=1&numOfRows=1000 - 4초 후 재시도
[!] 요청 실패 (LAWD_CD=41370, DEAL_YMD=201608, 시도 3): 429 Client Error: Too Many Requests for url: https://apis.data.go.kr/1613000/RTMSDataSvcAptTrade/getRTMSDataSvcAptTrade?serviceKey=128f9c77ea952d1f7fc326471d91606bf7efd3a86d1fed876188bc7e4983e048&LAWD_CD=41370&DEAL_YMD=201608&pageNo=1&numOfRows=1000 - 6초 후 재시도
[!] 오산: 조회 실패 - 항목 생략: 429 Client Error: Too Many Requests for url: https://apis.data.go.kr/1613000/RTMSDataSvcAptTrade/getRTMSDataSvcAptTrade?serviceKey=128f9c77ea952d1f7fc326471d91606bf7efd3a86d1fed876188bc7e4983e048&LAWD_CD=41370&DEAL_YMD=201608&pageNo=1&numOfRows=1000
[*] 시흥시 시흥시 실거래가 + 동별 조회 중...
[!] 요청 실패 (LAWD_CD=41390, DEAL_YMD=201608, 시도 1): 429 Client Error: Too Many Requests for url: https://apis.data.go.kr/1613000/RTMSDataSvcAptTrade/getRTMSDataSvcAptTrade?serviceKey=128f9c77ea952d1f7fc326471d91606bf7efd3a86d1fed876188bc7e4983e048&LAWD_CD=41390&DEAL_YMD=201608&pageNo=1&numOfRows=1000 - 2초 후 재시도
[!] 요청 실패 (LAWD_CD=41390, DEAL_YMD=201608, 시도 2): 429 Client Error: Too Many Requests for url: https://apis.data.go.kr/1613000/RTMSDataSvcAptTrade/getRTMSDataSvcAptTrade?serviceKey=128f9c77ea952d1f7fc326471d91606bf7efd3a86d1fed876188bc7e4983e048&LAWD_CD=41390&DEAL_YMD=201608&pageNo=1&numOfRows=1000 - 4초 후 재시도
[!] 요청 실패 (LAWD_CD=41390, DEAL_YMD=201608, 시도 3): 429 Client Error: Too Many Requests for url: https://apis.data.go.kr/1613000/RTMSDataSvcAptTrade/getRTMSDataSvcAptTrade?serviceKey=128f9c77ea952d1f7fc326471d91606bf7efd3a86d1fed876188bc7e4983e048&LAWD_CD=41390&DEAL_YMD=201608&pageNo=1&numOfRows=1000 - 6초 후 재시도
[!] 시흥: 조회 실패 - 항목 생략: 429 Client Error: Too Many Requests for url: https://apis.data.go.kr/1613000/RTMSDataSvcAptTrade/getRTMSDataSvcAptTrade?serviceKey=128f9c77ea952d1f7fc326471d91606bf7efd3a86d1fed876188bc7e4983e048&LAWD_CD=41390&DEAL_YMD=201608&pageNo=1&numOfRows=1000
[*] 군포시 군포시 실거래가 + 동별 조회 중...
[!] 요청 실패 (LAWD_CD=41410, DEAL_YMD=201608, 시도 1): 429 Client Error: Too Many Requests for url: https://apis.data.go.kr/1613000/RTMSDataSvcAptTrade/getRTMSDataSvcAptTrade?serviceKey=128f9c77ea952d1f7fc326471d91606bf7efd3a86d1fed876188bc7e4983e048&LAWD_CD=41410&DEAL_YMD=201608&pageNo=1&numOfRows=1000 - 2초 후 재시도
[!] 요청 실패 (LAWD_CD=41410, DEAL_YMD=201608, 시도 2): 429 Client Error: Too Many Requests for url: https://apis.data.go.kr/1613000/RTMSDataSvcAptTrade/getRTMSDataSvcAptTrade?serviceKey=128f9c77ea952d1f7fc326471d91606bf7efd3a86d1fed876188bc7e4983e048&LAWD_CD=41410&DEAL_YMD=201608&pageNo=1&numOfRows=1000 - 4초 후 재시도
[!] 요청 실패 (LAWD_CD=41410, DEAL_YMD=201608, 시도 3): 429 Client Error: Too Many Requests for url: https://apis.data.go.kr/1613000/RTMSDataSvcAptTrade/getRTMSDataSvcAptTrade?serviceKey=128f9c77ea952d1f7fc326471d91606bf7efd3a86d1fed876188bc7e4983e048&LAWD_CD=41410&DEAL_YMD=201608&pageNo=1&numOfRows=1000 - 6초 후 재시도
[!] 군포: 조회 실패 - 항목 생략: 429 Client Error: Too Many Requests for url: https://apis.data.go.kr/1613000/RTMSDataSvcAptTrade/getRTMSDataSvcAptTrade?serviceKey=128f9c77ea952d1f7fc326471d91606bf7efd3a86d1fed876188bc7e4983e048&LAWD_CD=41410&DEAL_YMD=201608&pageNo=1&numOfRows=1000
[*] 의왕시 의왕시 실거래가 + 동별 조회 중...
[!] 요청 실패 (LAWD_CD=41430, DEAL_YMD=201608, 시도 1): 429 Client Error: Too Many Requests for url: https://apis.data.go.kr/1613000/RTMSDataSvcAptTrade/getRTMSDataSvcAptTrade?serviceKey=128f9c77ea952d1f7fc326471d91606bf7efd3a86d1fed876188bc7e4983e048&LAWD_CD=41430&DEAL_YMD=201608&pageNo=1&numOfRows=1000 - 2초 후 재시도
[!] 요청 실패 (LAWD_CD=41430, DEAL_YMD=201608, 시도 2): 429 Client Error: Too Many Requests for url: https://apis.data.go.kr/1613000/RTMSDataSvcAptTrade/getRTMSDataSvcAptTrade?serviceKey=128f9c77ea952d1f7fc326471d91606bf7efd3a86d1fed876188bc7e4983e048&LAWD_CD=41430&DEAL_YMD=201608&pageNo=1&numOfRows=1000 - 4초 후 재시도
[!] 요청 실패 (LAWD_CD=41430, DEAL_YMD=201608, 시도 3): 429 Client Error: Too Many Requests for url: https://apis.data.go.kr/1613000/RTMSDataSvcAptTrade/getRTMSDataSvcAptTrade?serviceKey=128f9c77ea952d1f7fc326471d91606bf7efd3a86d1fed876188bc7e4983e048&LAWD_CD=41430&DEAL_YMD=201608&pageNo=1&numOfRows=1000 - 6초 후 재시도
[!] 의왕: 조회 실패 - 항목 생략: 429 Client Error: Too Many Requests for url: https://apis.data.go.kr/1613000/RTMSDataSvcAptTrade/getRTMSDataSvcAptTrade?serviceKey=128f9c77ea952d1f7fc326471d91606bf7efd3a86d1fed876188bc7e4983e048&LAWD_CD=41430&DEAL_YMD=201608&pageNo=1&numOfRows=1000
[*] 하남시 하남시 실거래가 + 동별 조회 중...
[!] 요청 실패 (LAWD_CD=41450, DEAL_YMD=201608, 시도 1): 429 Client Error: Too Many Requests for url: https://apis.data.go.kr/1613000/RTMSDataSvcAptTrade/getRTMSDataSvcAptTrade?serviceKey=128f9c77ea952d1f7fc326471d91606bf7efd3a86d1fed876188bc7e4983e048&LAWD_CD=41450&DEAL_YMD=201608&pageNo=1&numOfRows=1000 - 2초 후 재시도
[!] 요청 실패 (LAWD_CD=41450, DEAL_YMD=201608, 시도 2): 429 Client Error: Too Many Requests for url: https://apis.data.go.kr/1613000/RTMSDataSvcAptTrade/getRTMSDataSvcAptTrade?serviceKey=128f9c77ea952d1f7fc326471d91606bf7efd3a86d1fed876188bc7e4983e048&LAWD_CD=41450&DEAL_YMD=201608&pageNo=1&numOfRows=1000 - 4초 후 재시도
[!] 요청 실패 (LAWD_CD=41450, DEAL_YMD=201608, 시도 3): 429 Client Error: Too Many Requests for url: https://apis.data.go.kr/1613000/RTMSDataSvcAptTrade/getRTMSDataSvcAptTrade?serviceKey=128f9c77ea952d1f7fc326471d91606bf7efd3a86d1fed876188bc7e4983e048&LAWD_CD=41450&DEAL_YMD=201608&pageNo=1&numOfRows=1000 - 6초 후 재시도
[!] 하남: 조회 실패 - 항목 생략: 429 Client Error: Too Many Requests for url: https://apis.data.go.kr/1613000/RTMSDataSvcAptTrade/getRTMSDataSvcAptTrade?serviceKey=128f9c77ea952d1f7fc326471d91606bf7efd3a86d1fed876188bc7e4983e048&LAWD_CD=41450&DEAL_YMD=201608&pageNo=1&numOfRows=1000
[*] 용인시 처인구 실거래가 + 동별 조회 중...
[!] 요청 실패 (LAWD_CD=41461, DEAL_YMD=201608, 시도 1): 429 Client Error: Too Many Requests for url: https://apis.data.go.kr/1613000/RTMSDataSvcAptTrade/getRTMSDataSvcAptTrade?serviceKey=128f9c77ea952d1f7fc326471d91606bf7efd3a86d1fed876188bc7e4983e048&LAWD_CD=41461&DEAL_YMD=201608&pageNo=1&numOfRows=1000 - 2초 후 재시도
[!] 요청 실패 (LAWD_CD=41461, DEAL_YMD=201608, 시도 2): 429 Client Error: Too Many Requests for url: https://apis.data.go.kr/1613000/RTMSDataSvcAptTrade/getRTMSDataSvcAptTrade?serviceKey=128f9c77ea952d1f7fc326471d91606bf7efd3a86d1fed876188bc7e4983e048&LAWD_CD=41461&DEAL_YMD=201608&pageNo=1&numOfRows=1000 - 4초 후 재시도
[!] 요청 실패 (LAWD_CD=41461, DEAL_YMD=201608, 시도 3): 429 Client Error: Too Many Requests for url: https://apis.data.go.kr/1613000/RTMSDataSvcAptTrade/getRTMSDataSvcAptTrade?serviceKey=128f9c77ea952d1f7fc326471d91606bf7efd3a86d1fed876188bc7e4983e048&LAWD_CD=41461&DEAL_YMD=201608&pageNo=1&numOfRows=1000 - 6초 후 재시도
[!] 용인_처인: 조회 실패 - 항목 생략: 429 Client Error: Too Many Requests for url: https://apis.data.go.kr/1613000/RTMSDataSvcAptTrade/getRTMSDataSvcAptTrade?serviceKey=128f9c77ea952d1f7fc326471d91606bf7efd3a86d1fed876188bc7e4983e048&LAWD_CD=41461&DEAL_YMD=201608&pageNo=1&numOfRows=1000
[*] 용인시 기흥구 실거래가 + 동별 조회 중...
[!] 요청 실패 (LAWD_CD=41463, DEAL_YMD=201608, 시도 1): 429 Client Error: Too Many Requests for url: https://apis.data.go.kr/1613000/RTMSDataSvcAptTrade/getRTMSDataSvcAptTrade?serviceKey=128f9c77ea952d1f7fc326471d91606bf7efd3a86d1fed876188bc7e4983e048&LAWD_CD=41463&DEAL_YMD=201608&pageNo=1&numOfRows=1000 - 2초 후 재시도
[!] 요청 실패 (LAWD_CD=41463, DEAL_YMD=201608, 시도 2): 429 Client Error: Too Many Requests for url: https://apis.data.go.kr/1613000/RTMSDataSvcAptTrade/getRTMSDataSvcAptTrade?serviceKey=128f9c77ea952d1f7fc326471d91606bf7efd3a86d1fed876188bc7e4983e048&LAWD_CD=41463&DEAL_YMD=201608&pageNo=1&numOfRows=1000 - 4초 후 재시도
[!] 요청 실패 (LAWD_CD=41463, DEAL_YMD=201608, 시도 3): 429 Client Error: Too Many Requests for url: https://apis.data.go.kr/1613000/RTMSDataSvcAptTrade/getRTMSDataSvcAptTrade?serviceKey=128f9c77ea952d1f7fc326471d91606bf7efd3a86d1fed876188bc7e4983e048&LAWD_CD=41463&DEAL_YMD=201608&pageNo=1&numOfRows=1000 - 6초 후 재시도
[!] 용인_기흥: 조회 실패 - 항목 생략: 429 Client Error: Too Many Requests for url: https://apis.data.go.kr/1613000/RTMSDataSvcAptTrade/getRTMSDataSvcAptTrade?serviceKey=128f9c77ea952d1f7fc326471d91606bf7efd3a86d1fed876188bc7e4983e048&LAWD_CD=41463&DEAL_YMD=201608&pageNo=1&numOfRows=1000
[*] 용인시 수지구 실거래가 + 동별 조회 중...
[!] 요청 실패 (LAWD_CD=41465, DEAL_YMD=201608, 시도 1): 429 Client Error: Too Many Requests for url: https://apis.data.go.kr/1613000/RTMSDataSvcAptTrade/getRTMSDataSvcAptTrade?serviceKey=128f9c77ea952d1f7fc326471d91606bf7efd3a86d1fed876188bc7e4983e048&LAWD_CD=41465&DEAL_YMD=201608&pageNo=1&numOfRows=1000 - 2초 후 재시도
[!] 요청 실패 (LAWD_CD=41465, DEAL_YMD=201608, 시도 2): 429 Client Error: Too Many Requests for url: https://apis.data.go.kr/1613000/RTMSDataSvcAptTrade/getRTMSDataSvcAptTrade?serviceKey=128f9c77ea952d1f7fc326471d91606bf7efd3a86d1fed876188bc7e4983e048&LAWD_CD=41465&DEAL_YMD=201608&pageNo=1&numOfRows=1000 - 4초 후 재시도
[!] 요청 실패 (LAWD_CD=41465, DEAL_YMD=201608, 시도 3): 429 Client Error: Too Many Requests for url: https://apis.data.go.kr/1613000/RTMSDataSvcAptTrade/getRTMSDataSvcAptTrade?serviceKey=128f9c77ea952d1f7fc326471d91606bf7efd3a86d1fed876188bc7e4983e048&LAWD_CD=41465&DEAL_YMD=201608&pageNo=1&numOfRows=1000 - 6초 후 재시도
[!] 용인_수지: 조회 실패 - 항목 생략: 429 Client Error: Too Many Requests for url: https://apis.data.go.kr/1613000/RTMSDataSvcAptTrade/getRTMSDataSvcAptTrade?serviceKey=128f9c77ea952d1f7fc326471d91606bf7efd3a86d1fed876188bc7e4983e048&LAWD_CD=41465&DEAL_YMD=201608&pageNo=1&numOfRows=1000
[*] 파주시 파주시 실거래가 + 동별 조회 중...
[!] 요청 실패 (LAWD_CD=41480, DEAL_YMD=201608, 시도 1): 429 Client Error: Too Many Requests for url: https://apis.data.go.kr/1613000/RTMSDataSvcAptTrade/getRTMSDataSvcAptTrade?serviceKey=128f9c77ea952d1f7fc326471d91606bf7efd3a86d1fed876188bc7e4983e048&LAWD_CD=41480&DEAL_YMD=201608&pageNo=1&numOfRows=1000 - 2초 후 재시도
[!] 요청 실패 (LAWD_CD=41480, DEAL_YMD=201608, 시도 2): 429 Client Error: Too Many Requests for url: https://apis.data.go.kr/1613000/RTMSDataSvcAptTrade/getRTMSDataSvcAptTrade?serviceKey=128f9c77ea952d1f7fc326471d91606bf7efd3a86d1fed876188bc7e4983e048&LAWD_CD=41480&DEAL_YMD=201608&pageNo=1&numOfRows=1000 - 4초 후 재시도
[!] 요청 실패 (LAWD_CD=41480, DEAL_YMD=201608, 시도 3): 429 Client Error: Too Many Requests for url: https://apis.data.go.kr/1613000/RTMSDataSvcAptTrade/getRTMSDataSvcAptTrade?serviceKey=128f9c77ea952d1f7fc326471d91606bf7efd3a86d1fed876188bc7e4983e048&LAWD_CD=41480&DEAL_YMD=201608&pageNo=1&numOfRows=1000 - 6초 후 재시도
[!] 파주: 조회 실패 - 항목 생략: 429 Client Error: Too Many Requests for url: https://apis.data.go.kr/1613000/RTMSDataSvcAptTrade/getRTMSDataSvcAptTrade?serviceKey=128f9c77ea952d1f7fc326471d91606bf7efd3a86d1fed876188bc7e4983e048&LAWD_CD=41480&DEAL_YMD=201608&pageNo=1&numOfRows=1000
[*] 이천시 이천시 실거래가 + 동별 조회 중...
[!] 요청 실패 (LAWD_CD=41500, DEAL_YMD=201608, 시도 1): 429 Client Error: Too Many Requests for url: https://apis.data.go.kr/1613000/RTMSDataSvcAptTrade/getRTMSDataSvcAptTrade?serviceKey=128f9c77ea952d1f7fc326471d91606bf7efd3a86d1fed876188bc7e4983e048&LAWD_CD=41500&DEAL_YMD=201608&pageNo=1&numOfRows=1000 - 2초 후 재시도
[!] 요청 실패 (LAWD_CD=41500, DEAL_YMD=201608, 시도 2): 429 Client Error: Too Many Requests for url: https://apis.data.go.kr/1613000/RTMSDataSvcAptTrade/getRTMSDataSvcAptTrade?serviceKey=128f9c77ea952d1f7fc326471d91606bf7efd3a86d1fed876188bc7e4983e048&LAWD_CD=41500&DEAL_YMD=201608&pageNo=1&numOfRows=1000 - 4초 후 재시도
[!] 요청 실패 (LAWD_CD=41500, DEAL_YMD=201608, 시도 3): 429 Client Error: Too Many Requests for url: https://apis.data.go.kr/1613000/RTMSDataSvcAptTrade/getRTMSDataSvcAptTrade?serviceKey=128f9c77ea952d1f7fc326471d91606bf7efd3a86d1fed876188bc7e4983e048&LAWD_CD=41500&DEAL_YMD=201608&pageNo=1&numOfRows=1000 - 6초 후 재시도
[!] 이천: 조회 실패 - 항목 생략: 429 Client Error: Too Many Requests for url: https://apis.data.go.kr/1613000/RTMSDataSvcAptTrade/getRTMSDataSvcAptTrade?serviceKey=128f9c77ea952d1f7fc326471d91606bf7efd3a86d1fed876188bc7e4983e048&LAWD_CD=41500&DEAL_YMD=201608&pageNo=1&numOfRows=1000
[*] 김포시 김포시 실거래가 + 동별 조회 중...
[!] 요청 실패 (LAWD_CD=41570, DEAL_YMD=201608, 시도 1): 429 Client Error: Too Many Requests for url: https://apis.data.go.kr/1613000/RTMSDataSvcAptTrade/getRTMSDataSvcAptTrade?serviceKey=128f9c77ea952d1f7fc326471d91606bf7efd3a86d1fed876188bc7e4983e048&LAWD_CD=41570&DEAL_YMD=201608&pageNo=1&numOfRows=1000 - 2초 후 재시도
[!] 요청 실패 (LAWD_CD=41570, DEAL_YMD=201608, 시도 2): 429 Client Error: Too Many Requests for url: https://apis.data.go.kr/1613000/RTMSDataSvcAptTrade/getRTMSDataSvcAptTrade?serviceKey=128f9c77ea952d1f7fc326471d91606bf7efd3a86d1fed876188bc7e4983e048&LAWD_CD=41570&DEAL_YMD=201608&pageNo=1&numOfRows=1000 - 4초 후 재시도
[!] 요청 실패 (LAWD_CD=41570, DEAL_YMD=201608, 시도 3): 429 Client Error: Too Many Requests for url: https://apis.data.go.kr/1613000/RTMSDataSvcAptTrade/getRTMSDataSvcAptTrade?serviceKey=128f9c77ea952d1f7fc326471d91606bf7efd3a86d1fed876188bc7e4983e048&LAWD_CD=41570&DEAL_YMD=201608&pageNo=1&numOfRows=1000 - 6초 후 재시도
[!] 김포: 조회 실패 - 항목 생략: 429 Client Error: Too Many Requests for url: https://apis.data.go.kr/1613000/RTMSDataSvcAptTrade/getRTMSDataSvcAptTrade?serviceKey=128f9c77ea952d1f7fc326471d91606bf7efd3a86d1fed876188bc7e4983e048&LAWD_CD=41570&DEAL_YMD=201608&pageNo=1&numOfRows=1000
[*] 화성시 화성본청 실거래가 + 동별 조회 중...
[!] 요청 실패 (LAWD_CD=41590, DEAL_YMD=201608, 시도 1): 429 Client Error: Too Many Requests for url: https://apis.data.go.kr/1613000/RTMSDataSvcAptTrade/getRTMSDataSvcAptTrade?serviceKey=128f9c77ea952d1f7fc326471d91606bf7efd3a86d1fed876188bc7e4983e048&LAWD_CD=41590&DEAL_YMD=201608&pageNo=1&numOfRows=1000 - 2초 후 재시도
[!] 요청 실패 (LAWD_CD=41590, DEAL_YMD=201608, 시도 2): 429 Client Error: Too Many Requests for url: https://apis.data.go.kr/1613000/RTMSDataSvcAptTrade/getRTMSDataSvcAptTrade?serviceKey=128f9c77ea952d1f7fc326471d91606bf7efd3a86d1fed876188bc7e4983e048&LAWD_CD=41590&DEAL_YMD=201608&pageNo=1&numOfRows=1000 - 4초 후 재시도
[!] 요청 실패 (LAWD_CD=41590, DEAL_YMD=201608, 시도 3): 429 Client Error: Too Many Requests for url: https://apis.data.go.kr/1613000/RTMSDataSvcAptTrade/getRTMSDataSvcAptTrade?serviceKey=128f9c77ea952d1f7fc326471d91606bf7efd3a86d1fed876188bc7e4983e048&LAWD_CD=41590&DEAL_YMD=201608&pageNo=1&numOfRows=1000 - 6초 후 재시도
[!] 화성_본청: 조회 실패 - 항목 생략: 429 Client Error: Too Many Requests for url: https://apis.data.go.kr/1613000/RTMSDataSvcAptTrade/getRTMSDataSvcAptTrade?serviceKey=128f9c77ea952d1f7fc326471d91606bf7efd3a86d1fed876188bc7e4983e048&LAWD_CD=41590&DEAL_YMD=201608&pageNo=1&numOfRows=1000
[*] 화성시 동탄구 실거래가 + 동별 조회 중...
[!] 요청 실패 (LAWD_CD=41597, DEAL_YMD=201608, 시도 1): 429 Client Error: Too Many Requests for url: https://apis.data.go.kr/1613000/RTMSDataSvcAptTrade/getRTMSDataSvcAptTrade?serviceKey=128f9c77ea952d1f7fc326471d91606bf7efd3a86d1fed876188bc7e4983e048&LAWD_CD=41597&DEAL_YMD=201608&pageNo=1&numOfRows=1000 - 2초 후 재시도
[!] 요청 실패 (LAWD_CD=41597, DEAL_YMD=201608, 시도 2): 429 Client Error: Too Many Requests for url: https://apis.data.go.kr/1613000/RTMSDataSvcAptTrade/getRTMSDataSvcAptTrade?serviceKey=128f9c77ea952d1f7fc326471d91606bf7efd3a86d1fed876188bc7e4983e048&LAWD_CD=41597&DEAL_YMD=201608&pageNo=1&numOfRows=1000 - 4초 후 재시도
[!] 요청 실패 (LAWD_CD=41597, DEAL_YMD=201608, 시도 3): 429 Client Error: Too Many Requests for url: https://apis.data.go.kr/1613000/RTMSDataSvcAptTrade/getRTMSDataSvcAptTrade?serviceKey=128f9c77ea952d1f7fc326471d91606bf7efd3a86d1fed876188bc7e4983e048&LAWD_CD=41597&DEAL_YMD=201608&pageNo=1&numOfRows=1000 - 6초 후 재시도
[!] 화성_동탄: 조회 실패 - 항목 생략: 429 Client Error: Too Many Requests for url: https://apis.data.go.kr/1613000/RTMSDataSvcAptTrade/getRTMSDataSvcAptTrade?serviceKey=128f9c77ea952d1f7fc326471d91606bf7efd3a86d1fed876188bc7e4983e048&LAWD_CD=41597&DEAL_YMD=201608&pageNo=1&numOfRows=1000
[*] 광주시 광주시 실거래가 + 동별 조회 중...
[!] 요청 실패 (LAWD_CD=41610, DEAL_YMD=201608, 시도 1): 429 Client Error: Too Many Requests for url: https://apis.data.go.kr/1613000/RTMSDataSvcAptTrade/getRTMSDataSvcAptTrade?serviceKey=128f9c77ea952d1f7fc326471d91606bf7efd3a86d1fed876188bc7e4983e048&LAWD_CD=41610&DEAL_YMD=201608&pageNo=1&numOfRows=1000 - 2초 후 재시도
[!] 요청 실패 (LAWD_CD=41610, DEAL_YMD=201608, 시도 2): 429 Client Error: Too Many Requests for url: https://apis.data.go.kr/1613000/RTMSDataSvcAptTrade/getRTMSDataSvcAptTrade?serviceKey=128f9c77ea952d1f7fc326471d91606bf7efd3a86d1fed876188bc7e4983e048&LAWD_CD=41610&DEAL_YMD=201608&pageNo=1&numOfRows=1000 - 4초 후 재시도
[!] 요청 실패 (LAWD_CD=41610, DEAL_YMD=201608, 시도 3): 429 Client Error: Too Many Requests for url: https://apis.data.go.kr/1613000/RTMSDataSvcAptTrade/getRTMSDataSvcAptTrade?serviceKey=128f9c77ea952d1f7fc326471d91606bf7efd3a86d1fed876188bc7e4983e048&LAWD_CD=41610&DEAL_YMD=201608&pageNo=1&numOfRows=1000 - 6초 후 재시도
[!] 광주: 조회 실패 - 항목 생략: 429 Client Error: Too Many Requests for url: https://apis.data.go.kr/1613000/RTMSDataSvcAptTrade/getRTMSDataSvcAptTrade?serviceKey=128f9c77ea952d1f7fc326471d91606bf7efd3a86d1fed876188bc7e4983e048&LAWD_CD=41610&DEAL_YMD=201608&pageNo=1&numOfRows=1000
[*] 양주시 양주시 실거래가 + 동별 조회 중...
[!] 요청 실패 (LAWD_CD=41630, DEAL_YMD=201608, 시도 1): 429 Client Error: Too Many Requests for url: https://apis.data.go.kr/1613000/RTMSDataSvcAptTrade/getRTMSDataSvcAptTrade?serviceKey=128f9c77ea952d1f7fc326471d91606bf7efd3a86d1fed876188bc7e4983e048&LAWD_CD=41630&DEAL_YMD=201608&pageNo=1&numOfRows=1000 - 2초 후 재시도
[!] 요청 실패 (LAWD_CD=41630, DEAL_YMD=201608, 시도 2): 429 Client Error: Too Many Requests for url: https://apis.data.go.kr/1613000/RTMSDataSvcAptTrade/getRTMSDataSvcAptTrade?serviceKey=128f9c77ea952d1f7fc326471d91606bf7efd3a86d1fed876188bc7e4983e048&LAWD_CD=41630&DEAL_YMD=201608&pageNo=1&numOfRows=1000 - 4초 후 재시도
[!] 요청 실패 (LAWD_CD=41630, DEAL_YMD=201608, 시도 3): 429 Client Error: Too Many Requests for url: https://apis.data.go.kr/1613000/RTMSDataSvcAptTrade/getRTMSDataSvcAptTrade?serviceKey=128f9c77ea952d1f7fc326471d91606bf7efd3a86d1fed876188bc7e4983e048&LAWD_CD=41630&DEAL_YMD=201608&pageNo=1&numOfRows=1000 - 6초 후 재시도
[!] 양주: 조회 실패 - 항목 생략: 429 Client Error: Too Many Requests for url: https://apis.data.go.kr/1613000/RTMSDataSvcAptTrade/getRTMSDataSvcAptTrade?serviceKey=128f9c77ea952d1f7fc326471d91606bf7efd3a86d1fed876188bc7e4983e048&LAWD_CD=41630&DEAL_YMD=201608&pageNo=1&numOfRows=1000
[+] 0개 지역 수집 완료, Firebase 업로드 중...
[+] regionCharts Firebase 업로드 완료: 0개
